<html>
<body>
<pre>
<h1>µVision Build Log</h1>
<h2>Project:</h2>
C:\Users\CherryLoveMeme\Desktop\Keypad\Keypad\Keypad.uvproj
Project File Date:  11/14/2012

<h2>Output:</h2>
Build target 'Internal Flash'
assembling serialISR.s...
compiling lcd.c...
assembling lcdISR.s...
assembling portASM.s...
linking...
Program Size: Code=20540 RO-data=848 RW-data=344 ZI-data=4199464  
"Keypad.axf" - 0 Error(s), 0 Warning(s).
Load "C:\\Users\\CherryLoveMeme\\Desktop\\Keypad\\Keypad\\Keypad.AXF" 
Erase Done.
Programming Done.
Verify OK.
Application running ...
Build target 'Internal Flash'
compiling lcd.c...
linking...
Program Size: Code=20072 RO-data=848 RW-data=344 ZI-data=4199464  
"Keypad.axf" - 0 Error(s), 0 Warning(s).
Build target 'Internal Flash'
compiling lcd.c...
linking...
Program Size: Code=20104 RO-data=848 RW-data=344 ZI-data=4199464  
"Keypad.axf" - 0 Error(s), 0 Warning(s).
Clean started: Project: 'Keypad'
   deleting intermediate output files for target 'Internal Flash'
Build target 'Internal Flash'
assembling LPC2400.s...
compiling main.c...
compiling console.c...
compiling Retarget.c...
compiling serial.c...
assembling serialISR.s...
compiling lcd.c...
assembling lcdISR.s...
compiling list.c...
compiling queue.c...
compiling tasks.c...
compiling port.c...
assembling portASM.s...
compiling heap_3.c...
compiling font5x7.c...
compiling lcd_grph.c...
compiling lcd_hw.c...
linking...
Program Size: Code=20104 RO-data=848 RW-data=344 ZI-data=4199464  
"Keypad.axf" - 0 Error(s), 0 Warning(s).
Clean started: Project: 'Keypad'
   deleting intermediate output files for target 'Internal Flash'
