<html>
<body>
<pre>
<h1>µVision Build Log</h1>
<h2>Project:</h2>
C:\Users\CherryLoveMeme\Desktop\Access Control System\Access Control System\Keypad.uvproj
Project File Date:  12/07/2012

<h2>Output:</h2>
Build target 'Internal Flash'
assembling LPC2400.s...
compiling main.c...
compiling console.c...
compiling Retarget.c...
compiling serial.c...
assembling serialISR.s...
assembling lcdISR.s...
compiling control.c...
compiling led.c...
compiling list.c...
compiling queue.c...
compiling tasks.c...
compiling port.c...
assembling portASM.s...
compiling heap_3.c...
compiling font5x7.c...
compiling lcd_grph.c...
compiling lcd_hw.c...
linking...
Program Size: Code=22996 RO-data=932 RW-data=372 ZI-data=4199460  
"Keypad.axf" - 0 Error(s), 0 Warning(s).
Clean started: Project: 'Keypad'
   deleting intermediate output files for target 'Internal Flash'
