ARM Linker, 4.1 [Build 481] [Evaluation]

==============================================================================

Section Cross References

    lpc2400.o(STACK) refers (Special) to heapauxi.o(.text) for __use_two_region_memory
    lpc2400.o(HEAP) refers (Special) to heapauxi.o(.text) for __use_two_region_memory
    lpc2400.o(RESET) refers (Special) to heapauxi.o(.text) for __use_two_region_memory
    lpc2400.o(RESET) refers to portasm.o(PORT_ASM) for vPortYieldProcessor
    lpc2400.o(RESET) refers to lpc2400.o(STACK) for Stack_Top
    lpc2400.o(RESET) refers to __main.o(!!!main) for __main
    lpc2400.o(.text) refers (Special) to heapauxi.o(.text) for __use_two_region_memory
    lpc2400.o(.text) refers to lpc2400.o(HEAP) for Heap_Mem
    lpc2400.o(.text) refers to lpc2400.o(STACK) for Stack_Mem
    main.o(.text) refers to lcd_hw.o(.text) for lcd_hw_init
    main.o(.text) refers to console.o(.text) for vStartConsole
    main.o(.text) refers to lcd.o(.text) for vStartLcd
    main.o(.text) refers to tasks.o(.text) for vTaskStartScheduler
    main.o(.text) refers to lcdisr.o(.text) for vLCD_ISREntry
    console.o(.text) refers to strlen.o(.text) for strlen
    console.o(.text) refers to serial.o(.text) for vSerialPutString
    console.o(.text) refers to tasks.o(.text) for xTaskGenericCreate
    console.o(.text) refers to noretval__2printf.o(.text) for __2printf
    console.o(.text) refers to console.o(.data) for pcPrompt
    console.o(.data) refers to console.o(.conststring) for .conststring
    retarget.o(.text) refers (Special) to use_no_semi.o(.text) for __use_no_semihosting_swi
    retarget.o(.text) refers to console.o(.text) for xConsolePortHandle
    retarget.o(.text) refers to serial.o(.text) for xSerialPutChar
    retarget.o(.data) refers (Special) to use_no_semi.o(.text) for __use_no_semihosting_swi
    serial.o(.text) refers to queue.o(.text) for xQueueGenericCreate
    serial.o(.text) refers to port.o(.text) for vPortEnterCritical
    serial.o(.text) refers to aeabi_sdiv.o(.text_udiv) for __aeabi_uidivmod
    serial.o(.text) refers to tasks.o(.text) for vTaskSwitchContext
    serial.o(.text) refers to serial.o(.data) for xRxedChars
    serial.o(.text) refers to serialisr.o(.text) for vUART_ISREntry
    serialisr.o(.text) refers to port.o(.data) for ulCriticalNesting
    serialisr.o(.text) refers to tasks.o(.data) for pxCurrentTCB
    serialisr.o(.text) refers to serial.o(.text) for vUART_ISRHandler
    lcd.o(.text) refers to _printf_percent.o(.ARM.Collect$$_printf_percent$$00000000) for _printf_percent
    lcd.o(.text) refers to _printf_s.o(.ARM.Collect$$_printf_percent$$00000014) for _printf_s
    lcd.o(.text) refers to _printf_str.o(.text) for _printf_str
    lcd.o(.text) refers to h1_alloc.o(.text) for malloc
    lcd.o(.text) refers to noretval__2printf.o(.text) for __2printf
    lcd.o(.text) refers to lcd_hw.o(.text) for lcd_init
    lcd.o(.text) refers to lcd_grph.o(.text) for lcd_fillScreen
    lcd.o(.text) refers to queue.o(.text) for xQueueGenericReceive
    lcd.o(.text) refers to tasks.o(.text) for xTaskGetTickCount
    lcd.o(.text) refers to lcd.o(.data) for button_buttom
    lcd.o(.data) refers to lcd.o(.conststring) for .conststring
    lcdisr.o(.text) refers to port.o(.data) for ulCriticalNesting
    lcdisr.o(.text) refers to tasks.o(.data) for pxCurrentTCB
    lcdisr.o(.text) refers to lcd.o(.text) for vLCD_ISRHandler
    queue.o(.text) refers to port.o(.text) for vPortEnterCritical
    queue.o(.text) refers to tasks.o(.text) for xTaskRemoveFromEventList
    queue.o(.text) refers to portasm.o(PORT_ASM) for vPortYield
    queue.o(.text) refers to list.o(.text) for vListInitialise
    queue.o(.text) refers to heap_3.o(.text) for pvPortMalloc
    queue.o(.text) refers to rt_memcpy.o(.text) for __aeabi_memcpy
    tasks.o(.text) refers to list.o(.text) for vListInitialise
    tasks.o(.text) refers to strncpy.o(.text) for strncpy
    tasks.o(.text) refers to heap_3.o(.text) for pvPortMalloc
    tasks.o(.text) refers to aeabi_memset.o(.text) for __aeabi_memset
    tasks.o(.text) refers to port.o(.text) for pxPortInitialiseStack
    tasks.o(.text) refers to portasm.o(PORT_ASM) for vPortYield
    tasks.o(.text) refers to tasks.o(.bss) for pxReadyTasksLists
    tasks.o(.text) refers to tasks.o(.data) for pxDelayedTaskList
    port.o(.text) refers to portasm.o(PORT_ASM) for vPortStartFirstTask
    port.o(.text) refers to port.o(.data) for ulCriticalNesting
    portasm.o(PORT_ASM) refers to tasks.o(.data) for pxCurrentTCB
    portasm.o(PORT_ASM) refers to port.o(.data) for ulCriticalNesting
    portasm.o(PORT_ASM) refers to tasks.o(.text) for vTaskSwitchContext
    heap_3.o(.text) refers to tasks.o(.text) for vTaskSuspendAll
    heap_3.o(.text) refers to h1_alloc.o(.text) for malloc
    heap_3.o(.text) refers to h1_free.o(.text) for free
    lcd_grph.o(.text) refers to lcd_hw.o(.text) for writeToReg
    lcd_grph.o(.text) refers to lcd_hw.o(.data) for activeController
[...]
    rtentry.o(.ARM.exidx) refers (Special) to rtentry2.o(.ARM.Collect$$rtentry$$0000000D) for __rt_entry_main
    rtentry.o(.ARM.exidx) refers (Special) to rtentry2.o(.ARM.Collect$$rtentry$$0000000C) for __rt_entry_postli_1
    rtentry.o(.ARM.exidx) refers (Special) to rtentry2.o(.ARM.Collect$$rtentry$$00000009) for __rt_entry_postsh_1
    rtentry.o(.ARM.exidx) refers (Special) to rtentry2.o(.ARM.Collect$$rtentry$$00000002) for __rt_entry_presh_1
    rtentry.o(.ARM.exidx) refers (Special) to rtentry4.o(.ARM.Collect$$rtentry$$00000004) for __rt_entry_sh
    rtentry.o(.ARM.exidx) refers to rtentry.o(.ARM.Collect$$rtentry$$00000000) for .ARM.Collect$$rtentry$$00000000
    aeabi_idiv0_sigfpe.o(.text) refers to rt_div0.o(.text) for __rt_div0
    rt_heap_descriptor.o(.text) refers to rt_heap_descriptor.o(.bss) for __rt_heap_descriptor_data
    rt_heap_descriptor_intlibspace.o(.text) refers to libspace.o(.bss) for __libspace_start
    init_alloc.o(.text) refers (Special) to hguard.o(.text) for __heap$guard
    init_alloc.o(.text) refers (Special) to libinit2.o(.ARM.Collect$$libinit$$00000001) for __rt_lib_init_heap_2
    init_alloc.o(.text) refers (Special) to maybetermalloc1.o(.emb_text) for _maybe_terminate_alloc
    init_alloc.o(.text) refers to h1_extend.o(.text) for __Heap_ProvideMemory
    init_alloc.o(.text) refers to defsig_rtmem_outer.o(.text) for __rt_SIGRTMEM
    init_alloc.o(.text) refers to rt_heap_descriptor_intlibspace.o(.text) for __rt_heap_descriptor
    init_alloc.o(.text) refers to h1_init.o(.text) for __Heap_Initialize
    h1_init_mt.o(.text) refers to mutex_dummy.o(.text) for _mutex_initialize
    _printf_char.o(.text) refers (Weak) to _printf_str.o(.text) for _printf_str
    _printf_char_file.o(.text) refers to _printf_char_common.o(.text) for _printf_char_common
    _printf_char_file.o(.text) refers to retarget.o(.text) for ferror
    rt_memclr.o(.text) refers to rt_memclr_w.o(.text) for _memset_w
    _get_argv.o(.text) refers (Special) to hrguard.o(.text) for __heap_region$guard
    _get_argv.o(.text) refers to h1_alloc.o(.text) for malloc
    _get_argv.o(.text) refers to defsig_rtmem_outer.o(.text) for __rt_SIGRTMEM
    _get_argv.o(.text) refers to sys_command.o(.text) for _sys_command_string
    libinit2.o(.ARM.Collect$$libinit$$00000001) refers (Weak) to init_alloc.o(.text) for _init_alloc
    libinit2.o(.ARM.Collect$$libinit$$0000000C) refers to libinit2.o(.ARM.Collect$$libinit$$0000000B) for .ARM.Collect$$libinit$$0000000B
    libinit2.o(.ARM.Collect$$libinit$$0000000E) refers to libinit2.o(.ARM.Collect$$libinit$$0000000B) for .ARM.Collect$$libinit$$0000000B
    libinit2.o(.ARM.Collect$$libinit$$00000010) refers to libinit2.o(.ARM.Collect$$libinit$$0000000B) for .ARM.Collect$$libinit$$0000000B
    libinit2.o(.ARM.Collect$$libinit$$00000012) refers to libinit2.o(.ARM.Collect$$libinit$$0000000B) for .ARM.Collect$$libinit$$0000000B
    libinit2.o(.ARM.Collect$$libinit$$00000014) refers to libinit2.o(.ARM.Collect$$libinit$$0000000B) for .ARM.Collect$$libinit$$0000000B
    libinit2.o(.ARM.Collect$$libinit$$00000022) refers to argv_veneer.o(.emb_text) for __ARM_argv_veneer
    libinit2.o(.ARM.Collect$$libinit$$00000023) refers to argv_veneer.o(.emb_text) for __ARM_argv_veneer
    sys_command.o(.text) refers (Special) to use_no_semi.o(.text) for __I$use$semihosting
    libspace.o(.text) refers to libspace.o(.bss) for __libspace_start
    rtentry2.o(.ARM.Collect$$rtentry$$00000008) refers to boardinit2.o(.text) for _platform_post_stackheap_init
    rtentry2.o(.ARM.Collect$$rtentry$$0000000A) refers to libinit.o(.ARM.Collect$$libinit$$00000000) for __rt_lib_init
    rtentry2.o(.ARM.Collect$$rtentry$$0000000B) refers to boardinit3.o(.text) for _platform_post_lib_init
    rtentry2.o(.ARM.Collect$$rtentry$$0000000D) refers to exit.o(.text) for exit
    rtentry2.o(.ARM.Collect$$rtentry$$0000000D) refers to main.o(.text) for main
    rtentry2.o(.ARM.exidx) refers to rtentry2.o(.ARM.Collect$$rtentry$$00000001) for .ARM.Collect$$rtentry$$00000001
    rtentry2.o(.ARM.exidx) refers to rtentry2.o(.ARM.Collect$$rtentry$$00000002) for .ARM.Collect$$rtentry$$00000002
    rtentry2.o(.ARM.exidx) refers to rtentry2.o(.ARM.Collect$$rtentry$$00000008) for .ARM.Collect$$rtentry$$00000008
    rtentry2.o(.ARM.exidx) refers to rtentry2.o(.ARM.Collect$$rtentry$$00000009) for .ARM.Collect$$rtentry$$00000009
    rtentry2.o(.ARM.exidx) refers to rtentry2.o(.ARM.Collect$$rtentry$$0000000A) for .ARM.Collect$$rtentry$$0000000A
    rtentry2.o(.ARM.exidx) refers to rtentry2.o(.ARM.Collect$$rtentry$$0000000B) for .ARM.Collect$$rtentry$$0000000B
    rtentry2.o(.ARM.exidx) refers to rtentry2.o(.ARM.Collect$$rtentry$$0000000C) for .ARM.Collect$$rtentry$$0000000C
    rtentry2.o(.ARM.exidx) refers to rtentry2.o(.ARM.Collect$$rtentry$$0000000D) for .ARM.Collect$$rtentry$$0000000D
    rtentry4.o(.ARM.Collect$$rtentry$$00000004) refers to sys_stackheap_outer.o(.text) for __user_setup_stackheap
    rtentry4.o(.ARM.exidx) refers to rtentry4.o(.ARM.Collect$$rtentry$$00000004) for .ARM.Collect$$rtentry$$00000004
    rt_div0.o(.text) refers to defsig_fpe_outer.o(.text) for __rt_SIGFPE
    maybetermalloc2.o(.emb_text) refers (Special) to term_alloc.o(.text) for _terminate_alloc
    h1_extend.o(.text) refers to h1_free.o(.text) for free
    h1_extend_mt.o(.text) refers to h1_free_mt.o(.text) for _free_internal
    _printf_char_common.o(.text) refers to __printf.o(.text) for __printf
    defsig_rtmem_outer.o(.text) refers to defsig_rtmem_inner.o(.text) for __rt_SIGRTMEM_inner
    defsig_rtmem_outer.o(.text) refers to defsig_exit.o(.text) for __sig_exit
    defsig_rtmem_formal.o(.text) refers to rt_raise.o(.text) for __rt_raise
    heapauxa.o(.text) refers to heapauxa.o(.data) for .data
    argv_veneer.o(.emb_text) refers to no_argv.o(.text) for __ARM_get_argv
    sys_stackheap_outer.o(.text) refers to libspace.o(.text) for __user_perproc_libspace
    sys_stackheap_outer.o(.text) refers to lpc2400.o(.text) for __user_initial_stackheap
    rt_raise.o(.text) refers to __raise.o(.text) for __raise
    rt_raise.o(.text) refers to retarget.o(.text) for _sys_exit
    term_alloc.o(.text) refers (Special) to libshutdown2.o(.ARM.Collect$$libshutdown$$0000000D) for __rt_lib_shutdown_heap_2
    term_alloc.o(.text) refers to rt_heap_descriptor_intlibspace.o(.text) for __rt_heap_descriptor
    __printf_nopercent.o(.text) refers to __printf_nopercent.o(i.__ARM_common_call_via_r7) for __ARM_common_call_via_r7
    __printf_nopercent.o(.text) refers to heap2.o(i.__ARM_common_call_via_r5) for __ARM_common_call_via_r5
    exit.o(.text) refers to rtexit.o(.ARM.Collect$$rtexit$$00000000) for __rt_exit
    defsig_exit.o(.text) refers to retarget.o(.text) for _sys_exit
    defsig_fpe_outer.o(.text) refers to defsig_fpe_inner.o(.text) for __rt_SIGFPE_inner
    defsig_fpe_outer.o(.text) refers to defsig_exit.o(.text) for __sig_exit
    defsig_fpe_formal.o(.text) refers to rt_raise.o(.text) for __rt_raise
    defsig_rtmem_inner.o(.text) refers to defsig_general.o(.text) for __default_signal_display
    _get_argv_nomalloc.o(.text) refers (Special) to hrguard.o(.text) for __heap_region$guard
    _get_argv_nomalloc.o(.text) refers to defsig_rtmem_outer.o(.text) for __rt_SIGRTMEM
    _get_argv_nomalloc.o(.text) refers to sys_command.o(.text) for _sys_command_string
    libinit.o(.ARM.Collect$$libinit$$00000000) refers (Special) to libinit2.o(.ARM.Collect$$libinit$$0000002A) for __rt_lib_init_alloca_1
    libinit.o(.ARM.Collect$$libinit$$00000000) refers (Special) to libinit2.o(.ARM.Collect$$libinit$$00000028) for __rt_lib_init_argv_1
    libinit.o(.ARM.Collect$$libinit$$00000000) refers (Special) to libinit2.o(.ARM.Collect$$libinit$$00000017) for __rt_lib_init_atexit_1
    libinit.o(.ARM.Collect$$libinit$$00000000) refers (Special) to libinit2.o(.ARM.Collect$$libinit$$0000001D) for __rt_lib_init_clock_1
    libinit.o(.ARM.Collect$$libinit$$00000000) refers (Special) to libinit2.o(.ARM.Collect$$libinit$$0000002E) for __rt_lib_init_cpp_1
    libinit.o(.ARM.Collect$$libinit$$00000000) refers (Special) to libinit2.o(.ARM.Collect$$libinit$$0000002C) for __rt_lib_init_exceptions_1
    libinit.o(.ARM.Collect$$libinit$$00000000) refers (Special) to libinit2.o(.ARM.Collect$$libinit$$0000001B) for __rt_lib_init_fp_trap_1
    libinit.o(.ARM.Collect$$libinit$$00000000) refers (Special) to libinit2.o(.ARM.Collect$$libinit$$0000001F) for __rt_lib_init_getenv_1
    libinit.o(.ARM.Collect$$libinit$$00000000) refers (Special) to libinit2.o(.ARM.Collect$$libinit$$00000006) for __rt_lib_init_heap_1
    libinit.o(.ARM.Collect$$libinit$$00000000) refers (Special) to libinit2.o(.ARM.Collect$$libinit$$0000000D) for __rt_lib_init_lc_collate_1
    libinit.o(.ARM.Collect$$libinit$$00000000) refers (Special) to libinit2.o(.ARM.Collect$$libinit$$0000000F) for __rt_lib_init_lc_ctype_1
    libinit.o(.ARM.Collect$$libinit$$00000000) refers (Special) to libinit2.o(.ARM.Collect$$libinit$$00000011) for __rt_lib_init_lc_monetary_1
    libinit.o(.ARM.Collect$$libinit$$00000000) refers (Special) to libinit2.o(.ARM.Collect$$libinit$$00000013) for __rt_lib_init_lc_numeric_1
    libinit.o(.ARM.Collect$$libinit$$00000000) refers (Special) to libinit2.o(.ARM.Collect$$libinit$$00000015) for __rt_lib_init_lc_time_1
    libinit.o(.ARM.Collect$$libinit$$00000000) refers (Special) to libinit2.o(.ARM.Collect$$libinit$$0000000A) for __rt_lib_init_rand_1
    libinit.o(.ARM.Collect$$libinit$$00000000) refers (Special) to libinit2.o(.ARM.Collect$$libinit$$0000002F) for __rt_lib_init_return
    libinit.o(.ARM.Collect$$libinit$$00000000) refers (Special) to libinit2.o(.ARM.Collect$$libinit$$00000019) for __rt_lib_init_signal_1
    libinit.o(.ARM.Collect$$libinit$$00000000) refers (Special) to libinit2.o(.ARM.Collect$$libinit$$00000021) for __rt_lib_init_stdio_1
    libinit.o(.ARM.Collect$$libinit$$00000000) refers (Special) to libinit2.o(.ARM.Collect$$libinit$$00000008) for __rt_lib_init_user_alloc_1
    libinit.o(.ARM.Collect$$libinit$$00000000) refers to fpinit.o(x$fpl$fpinit) for _fp_init
    rtexit.o(.ARM.Collect$$rtexit$$00000000) refers (Special) to rtexit2.o(.ARM.Collect$$rtexit$$00000004) for __rt_exit_exit
    rtexit.o(.ARM.Collect$$rtexit$$00000000) refers (Special) to rtexit2.o(.ARM.Collect$$rtexit$$00000003) for __rt_exit_ls
    rtexit.o(.ARM.Collect$$rtexit$$00000000) refers (Special) to rtexit2.o(.ARM.Collect$$rtexit$$00000002) for __rt_exit_prels_1
    rtexit.o(.ARM.exidx) refers (Special) to rtexit2.o(.ARM.Collect$$rtexit$$00000004) for __rt_exit_exit
    rtexit.o(.ARM.exidx) refers (Special) to rtexit2.o(.ARM.Collect$$rtexit$$00000003) for __rt_exit_ls
    rtexit.o(.ARM.exidx) refers (Special) to rtexit2.o(.ARM.Collect$$rtexit$$00000002) for __rt_exit_prels_1
    rtexit.o(.ARM.exidx) refers to rtexit.o(.ARM.Collect$$rtexit$$00000000) for .ARM.Collect$$rtexit$$00000000
    __raise.o(.text) refers to __printf.o(i.__ARM_common_call_via_r2) for __ARM_common_call_via_r2
    __raise.o(.text) refers to defsig.o(CL$$defsig) for __default_signal_handler
    defsig_general.o(.text) refers to retarget.o(.text) for _ttywrch
    defsig_fpe_inner.o(.text) refers to defsig_general.o(.text) for __default_signal_display
    libshutdown2.o(.ARM.Collect$$libshutdown$$0000000C) refers (Weak) to term_alloc.o(.text) for _terminate_alloc
    fpinit.o(x$fpl$fpinit) refers to rt_fp_status_addr_intlibspace.o(.text) for __rt_fp_status_addr
    rtexit2.o(.ARM.Collect$$rtexit$$00000003) refers to libshutdown.o(.ARM.Collect$$libshutdown$$00000000) for __rt_lib_shutdown
    rtexit2.o(.ARM.Collect$$rtexit$$00000004) refers to retarget.o(.text) for _sys_exit
    rtexit2.o(.ARM.exidx) refers to rtexit2.o(.ARM.Collect$$rtexit$$00000001) for .ARM.Collect$$rtexit$$00000001
    rtexit2.o(.ARM.exidx) refers to rtexit2.o(.ARM.Collect$$rtexit$$00000002) for .ARM.Collect$$rtexit$$00000002
    rtexit2.o(.ARM.exidx) refers to rtexit2.o(.ARM.Collect$$rtexit$$00000003) for .ARM.Collect$$rtexit$$00000003
    rtexit2.o(.ARM.exidx) refers to rtexit2.o(.ARM.Collect$$rtexit$$00000004) for .ARM.Collect$$rtexit$$00000004
    rt_fp_status_addr.o(.text) refers to rt_fp_status_addr.o(.bss) for __rt_fp_status_addr_data
    rt_fp_status_addr_intlibspace.o(.text) refers to libspace.o(.bss) for __libspace_start
    defsig.o(CL$$defsig) refers to defsig_fpe_inner.o(.text) for __rt_SIGFPE_inner
    defsig.o(CL$$defsig) refers to defsig_rtmem_inner.o(.text) for __rt_SIGRTMEM_inner
    defsig_abrt_inner.o(.text) refers to defsig_general.o(.text) for __default_signal_display
    defsig_rtred_inner.o(.text) refers to defsig_general.o(.text) for __default_signal_display
    defsig_stak_inner.o(.text) refers to defsig_general.o(.text) for __default_signal_display
    defsig_pvfn_inner.o(.text) refers to defsig_general.o(.text) for __default_signal_display
    defsig_cppl_inner.o(.text) refers to defsig_general.o(.text) for __default_signal_display
    defsig_segv_inner.o(.text) refers to defsig_general.o(.text) for __default_signal_display
    defsig_other.o(.text) refers to defsig_general.o(.text) for __default_signal_display
    libshutdown.o(.ARM.Collect$$libshutdown$$00000000) refers (Special) to libshutdown2.o(.ARM.Collect$$libshutdown$$00000006) for __rt_lib_shutdown_fp_trap_1
    libshutdown.o(.ARM.Collect$$libshutdown$$00000000) refers (Special) to libshutdown2.o(.ARM.Collect$$libshutdown$$0000000E) for __rt_lib_shutdown_heap_1
    libshutdown.o(.ARM.Collect$$libshutdown$$00000000) refers (Special) to libshutdown2.o(.ARM.Collect$$libshutdown$$0000000F) for __rt_lib_shutdown_return
    libshutdown.o(.ARM.Collect$$libshutdown$$00000000) refers (Special) to libshutdown2.o(.ARM.Collect$$libshutdown$$00000009) for __rt_lib_shutdown_signal_1
    libshutdown.o(.ARM.Collect$$libshutdown$$00000000) refers (Special) to libshutdown2.o(.ARM.Collect$$libshutdown$$00000003) for __rt_lib_shutdown_stdio_1
    libshutdown.o(.ARM.Collect$$libshutdown$$00000000) refers (Special) to libshutdown2.o(.ARM.Collect$$libshutdown$$0000000B) for __rt_lib_shutdown_user_alloc_1


==============================================================================

Adding Veneers to the image

    Adding TA veneer (4 bytes, Inline) for call to '_printf_percent' from __printf.o(.text).
    Adding AT veneer (8 bytes, Inline) for call to '__rt_lib_init' from rtentry2.o(.ARM.Collect$$rtentry$$0000000A).
    Adding AT veneer (8 bytes, Inline) for call to '__rt_lib_shutdown' from rtexit2.o(.ARM.Collect$$rtexit$$00000003).
    Adding TA veneer (4 bytes, Inline) for call to '__rt_exit' from exit.o(.text).
    Adding AT veneer (8 bytes, Inline) for call to 'malloc' from lcd.o(.text).
    Adding AT veneer (8 bytes, Inline) for call to 'free' from heap_3.o(.text).
    Adding AT veneer (8 bytes, Inline) for call to '__2printf' from console.o(.text).
    Adding AT veneer (8 bytes, Inline) for call to 'strlen' from console.o(.text).
    Adding TA veneer (4 bytes, Inline) for call to '__rt_heap_descriptor' from h1_alloc.o(.text).
    Adding AT veneer (8 bytes, Inline) for call to '_printf_string' from _printf_s.o(.ARM.Collect$$_printf_percent$$00000014).
    Adding TA veneer (8 bytes, Short) for call to 'ferror' from _printf_char_file.o(.text).
    Adding TA veneer (8 bytes, Short) for call to '_sys_exit' from defsig_exit.o(.text).
    Adding TA veneer (8 bytes, Short) for call to '_ttywrch' from defsig_general.o(.text).
    Adding TA veneer (4 bytes, Inline) for call to '_fp_init' from libinit.o(.ARM.Collect$$libinit$$00000000).

14 Veneer(s) (total 96 bytes) added to the image.

==============================================================================

Image Symbol Table

    Local Symbols

    Symbol Name                              Value     Ov Type        Size  Object(Section)

    RESET                                    0x00000000   Section      832  lpc2400.o(RESET)
    ../../angel/boardlib.s                   0x00000000   Number         0  boardinit1.o ABSOLUTE
    ../../angel/boardlib.s                   0x00000000   Number         0  boardinit2.o ABSOLUTE
    ../../angel/boardlib.s                   0x00000000   Number         0  boardinit3.o ABSOLUTE
    ../../angel/boardlib.s                   0x00000000   Number         0  boardshut.o ABSOLUTE
    ../../angel/dczerorl2.s                  0x00000000   Number         0  __dczerorl2.o ABSOLUTE
    ../../angel/handlers.s                   0x00000000   Number         0  __scatter_zi.o ABSOLUTE
    ../../angel/kernel.s                     0x00000000   Number         0  rtentry.o ABSOLUTE
    ../../angel/kernel.s                     0x00000000   Number         0  rtexit.o ABSOLUTE
    ../../angel/kernel.s                     0x00000000   Number         0  rtexit2.o ABSOLUTE
    ../../angel/kernel.s                     0x00000000   Number         0  rtentry2.o ABSOLUTE
    ../../angel/kernel.s                     0x00000000   Number         0  rtentry4.o ABSOLUTE
    ../../angel/rt.s                         0x00000000   Number         0  rt_heap_descriptor_intlibspace.o ABSOLUTE
    ../../angel/rt.s                         0x00000000   Number         0  aeabi_idiv0.o ABSOLUTE
    ../../angel/rt.s                         0x00000000   Number         0  aeabi_idiv0_sigfpe.o ABSOLUTE
    ../../angel/rt.s                         0x00000000   Number         0  rt_heap_descriptor.o ABSOLUTE
    ../../angel/rt.s                         0x00000000   Number         0  rt_fp_status_addr_intlibspace.o ABSOLUTE
    ../../angel/rt.s                         0x00000000   Number         0  rt_fp_status_addr.o ABSOLUTE
    ../../angel/rt.s                         0x00000000   Number         0  rt_div0.o ABSOLUTE
    ../../angel/rt.s                         0x00000000   Number         0  rt_raise.o ABSOLUTE
    ../../angel/scatter.s                    0x00000000   Number         0  __scatter.o ABSOLUTE
    ../../angel/startup.s                    0x00000000   Number         0  __main.o ABSOLUTE
    ../../angel/sys.s                        0x00000000   Number         0  use_no_semi.o ABSOLUTE
    ../../angel/sys.s                        0x00000000   Number         0  libspace.o ABSOLUTE
    ../../angel/sys.s                        0x00000000   Number         0  sys_stackheap_outer.o ABSOLUTE
    ../../angel/sys.s                        0x00000000   Number         0  mutex_dummy.o ABSOLUTE
    ../../angel/sysapp.c                     0x00000000   Number         0  sys_command.o ABSOLUTE
    ../../armsys.c                           0x00000000   Number         0  _get_argv.o ABSOLUTE
    ../../armsys.c                           0x00000000   Number         0  argv_veneer.o ABSOLUTE
    ../../armsys.c                           0x00000000   Number         0  argv_veneer.o ABSOLUTE
    ../../armsys.c                           0x00000000   Number         0  no_argv.o ABSOLUTE
    ../../armsys.c                           0x00000000   Number         0  _get_argv_nomalloc.o ABSOLUTE
    ../../division.s                         0x00000000   Number         0  aeabi_sdiv_div0.o ABSOLUTE
    ../../division.s                         0x00000000   Number         0  aeabi_sdiv.o ABSOLUTE
    ../../divrt.s                            0x00000000   Number         0  divrt_7tdmi.o ABSOLUTE
    ../../divrt.s                            0x00000000   Number         0  divrt_7tdmi_div0.o ABSOLUTE
    ../../fpinit.s                           0x00000000   Number         0  fpinit.o ABSOLUTE
    ../../heap1.c                            0x00000000   Number         0  h1_extend.o ABSOLUTE
    ../../heap1.c                            0x00000000   Number         0  h1_free_mt.o ABSOLUTE
    ../../heap1.c                            0x00000000   Number         0  h1_alloc_mt.o ABSOLUTE
    ../../heap1.c                            0x00000000   Number         0  h1_free.o ABSOLUTE
    ../../heap1.c                            0x00000000   Number         0  h1_alloc.o ABSOLUTE
    ../../heap1.c                            0x00000000   Number         0  h1_extend_mt.o ABSOLUTE
    ../../heap1.c                            0x00000000   Number         0  h1_init_mt.o ABSOLUTE
    ../../heap1.c                            0x00000000   Number         0  h1_final.o ABSOLUTE
    ../../heap1.c                            0x00000000   Number         0  h1_init.o ABSOLUTE
    ../../heap1.c                            0x00000000   Number         0  h1_final_mt.o ABSOLUTE
    ../../heap2.c                            0x00000000   Number         0  heap2.o ABSOLUTE
    ../../heap2.c                            0x00000000   Number         0  heap2mt.o ABSOLUTE
    ../../heap2.c                            0x00000000   Number         0  fdtree.o ABSOLUTE
    ../../heapalloc.c                        0x00000000   Number         0  malloc.o ABSOLUTE
    ../../heapalloc.c                        0x00000000   Number         0  term_alloc.o ABSOLUTE
    ../../heapalloc.c                        0x00000000   Number         0  heapstubs.o ABSOLUTE
    ../../heapalloc.c                        0x00000000   Number         0  init_alloc.o ABSOLUTE
    ../../heapalloc.c                        0x00000000   Number         0  maybetermalloc2.o ABSOLUTE
    ../../heapalloc.c                        0x00000000   Number         0  maybetermalloc2.o ABSOLUTE
    ../../heapalloc.c                        0x00000000   Number         0  maybetermalloc1.o ABSOLUTE
    ../../heapalloc.c                        0x00000000   Number         0  maybetermalloc1.o ABSOLUTE
    ../../heapalloc.c                        0x00000000   Number         0  hrguard.o ABSOLUTE
    ../../heapalloc.c                        0x00000000   Number         0  hguard.o ABSOLUTE
    ../../heapalloc.c                        0x00000000   Number         0  free.o ABSOLUTE
    ../../heapaux.c                          0x00000000   Number         0  heapauxa.o ABSOLUTE
    ../../heapaux.c                          0x00000000   Number         0  heapauxi.o ABSOLUTE
    ../../libinit.s                          0x00000000   Number         0  libshutdown.o ABSOLUTE
    ../../libinit.s                          0x00000000   Number         0  libinit.o ABSOLUTE
    ../../libinit.s                          0x00000000   Number         0  libinit2.o ABSOLUTE
    ../../libinit.s                          0x00000000   Number         0  libshutdown2.o ABSOLUTE
    ../../memcpset.s                         0x00000000   Number         0  rt_memcpy_w.o ABSOLUTE
    ../../memcpset.s                         0x00000000   Number         0  strncpy.o ABSOLUTE
    ../../memcpset.s                         0x00000000   Number         0  aeabi_memset.o ABSOLUTE
    ../../memcpset.s                         0x00000000   Number         0  rt_memclr.o ABSOLUTE
    ../../memcpset.s                         0x00000000   Number         0  rt_memclr_w.o ABSOLUTE
    ../../memcpset.s                         0x00000000   Number         0  rt_memcpy.o ABSOLUTE
    ../../printf.c                           0x00000000   Number         0  noretval__2printf.o ABSOLUTE
    ../../printf.c                           0x00000000   Number         0  _printf_char.o ABSOLUTE
    ../../printf.c                           0x00000000   Number         0  __printf.o ABSOLUTE
    ../../printf.c                           0x00000000   Number         0  _printf_str.o ABSOLUTE
    ../../printf.c                           0x00000000   Number         0  __printf_flags.o ABSOLUTE
    ../../printf.c                           0x00000000   Number         0  __printf_ss.o ABSOLUTE
    ../../printf.c                           0x00000000   Number         0  __printf_flags_ss.o ABSOLUTE
    ../../printf.c                           0x00000000   Number         0  __printf_flags_wp.o ABSOLUTE
    ../../printf.c                           0x00000000   Number         0  __printf_ss_wp.o ABSOLUTE
    ../../printf.c                           0x00000000   Number         0  __printf_flags_ss_wp.o ABSOLUTE
    ../../printf.c                           0x00000000   Number         0  __2printf.o ABSOLUTE
    ../../printf.c                           0x00000000   Number         0  __printf_nopercent.o ABSOLUTE
    ../../printf.c                           0x00000000   Number         0  _printf_char_common.o ABSOLUTE
    ../../printf.c                           0x00000000   Number         0  __printf_wp.o ABSOLUTE
    ../../printf.c                           0x00000000   Number         0  _printf_char_file.o ABSOLUTE
    ../../printf_percent.s                   0x00000000   Number         0  _printf_s.o ABSOLUTE
    ../../printf_percent.s                   0x00000000   Number         0  _printf_percent.o ABSOLUTE
    ../../printf_percent.s                   0x00000000   Number         0  _printf_percent_end.o ABSOLUTE
    ../../signal.c                           0x00000000   Number         0  defsig_other.o ABSOLUTE
    ../../signal.c                           0x00000000   Number         0  defsig_segv_inner.o ABSOLUTE
    ../../signal.c                           0x00000000   Number         0  defsig_cppl_inner.o ABSOLUTE
    ../../signal.c                           0x00000000   Number         0  defsig_pvfn_inner.o ABSOLUTE
    ../../signal.c                           0x00000000   Number         0  defsig_stak_inner.o ABSOLUTE
    ../../signal.c                           0x00000000   Number         0  defsig_rtred_inner.o ABSOLUTE
    ../../signal.c                           0x00000000   Number         0  __raise.o ABSOLUTE
    ../../signal.c                           0x00000000   Number         0  defsig_rtmem_formal.o ABSOLUTE
    ../../signal.c                           0x00000000   Number         0  defsig_rtmem_inner.o ABSOLUTE
    ../../signal.c                           0x00000000   Number         0  defsig_fpe_formal.o ABSOLUTE
    ../../signal.c                           0x00000000   Number         0  defsig_fpe_outer.o ABSOLUTE
    ../../signal.c                           0x00000000   Number         0  defsig_rtmem_outer.o ABSOLUTE
    ../../signal.c                           0x00000000   Number         0  defsig_exit.o ABSOLUTE
    ../../signal.c                           0x00000000   Number         0  defsig_general.o ABSOLUTE
    ../../signal.c                           0x00000000   Number         0  defsig_fpe_inner.o ABSOLUTE
    ../../signal.c                           0x00000000   Number         0  defsig_abrt_inner.o ABSOLUTE
    ../../signal.s                           0x00000000   Number         0  defsig.o ABSOLUTE
    ../../stdlib.c                           0x00000000   Number         0  exit.o ABSOLUTE
    ../../string.c                           0x00000000   Number         0  strlen.o ABSOLUTE
    ..\FreeRTOS\Source\list.c                0x00000000   Number         0  list.o ABSOLUTE
    ..\FreeRTOS\Source\portable\MemMang\heap_3.c 0x00000000   Number         0  heap_3.o ABSOLUTE
    ..\FreeRTOS\Source\portable\TCD\ARM7_LPC2468\port.c 0x00000000   Number         0  port.o ABSOLUTE
    ..\FreeRTOS\Source\portable\TCD\ARM7_LPC2468\portASM.s 0x00000000   Number         0  portasm.o ABSOLUTE
    ..\FreeRTOS\Source\queue.c               0x00000000   Number         0  queue.o ABSOLUTE
    ..\FreeRTOS\Source\tasks.c               0x00000000   Number         0  tasks.o ABSOLUTE
    LCD\font5x7.c                            0x00000000   Number         0  font5x7.o ABSOLUTE
    LCD\lcd_grph.c                           0x00000000   Number         0  lcd_grph.o ABSOLUTE
    LCD\lcd_hw.c                             0x00000000   Number         0  lcd_hw.o ABSOLUTE
    LPC2400.s                                0x00000000   Number         0  lpc2400.o ABSOLUTE
    Retarget.c                               0x00000000   Number         0  retarget.o ABSOLUTE
    console.c                                0x00000000   Number         0  console.o ABSOLUTE
    dc.s                                     0x00000000   Number         0  dc.o ABSOLUTE
    lcd.c                                    0x00000000   Number         0  lcd.o ABSOLUTE
    lcdISR.s                                 0x00000000   Number         0  lcdisr.o ABSOLUTE
    main.c                                   0x00000000   Number         0  main.o ABSOLUTE
    serial.c                                 0x00000000   Number         0  serial.o ABSOLUTE
    serialISR.s                              0x00000000   Number         0  serialisr.o ABSOLUTE
    Undef_Handler                            0x00000040   ARM Code       4  lpc2400.o(RESET)
    PAbt_Handler                             0x00000048   ARM Code       4  lpc2400.o(RESET)
    DAbt_Handler                             0x0000004c   ARM Code       4  lpc2400.o(RESET)
    IRQ_Handler                              0x00000050   ARM Code       4  lpc2400.o(RESET)
    !!!main                                  0x00000340   Section        8  __main.o(!!!main)
    !!!scatter                               0x00000348   Section       60  __scatter.o(!!!scatter)
    !!dczerorl2                              0x00000384   Section       92  __dczerorl2.o(!!dczerorl2)
    _decompress_loop                         0x0000038f   Thumb Code     0  __dczerorl2.o(!!dczerorl2)
    _decompress_zerolen                      0x0000039d   Thumb Code     0  __dczerorl2.o(!!dczerorl2)
    _decompress_litn                         0x000003a5   Thumb Code     0  __dczerorl2.o(!!dczerorl2)
    _decompress_lit                          0x000003a9   Thumb Code     0  __dczerorl2.o(!!dczerorl2)
    _decompress_copyorzero                   0x000003b5   Thumb Code     0  __dczerorl2.o(!!dczerorl2)
    _decompress_zero                         0x000003bd   Thumb Code     0  __dczerorl2.o(!!dczerorl2)
    _decompress_copyn                        0x000003c7   Thumb Code     0  __dczerorl2.o(!!dczerorl2)
    _decompress_copy                         0x000003cf   Thumb Code     0  __dczerorl2.o(!!dczerorl2)
    _decompress_end                          0x000003db   Thumb Code     0  __dczerorl2.o(!!dczerorl2)
    !!handler_zi                             0x000003e0   Section       44  __scatter_zi.o(!!handler_zi)
    .ARM.Collect$$_printf_percent$$00000000  0x00000410   Section        0  _printf_percent.o(.ARM.Collect$$_printf_percent$$00000000)
    .ARM.Collect$$_printf_percent$$00000014  0x00000410   Section        8  _printf_s.o(.ARM.Collect$$_printf_percent$$00000014)
    .ARM.Collect$$_printf_percent$$00000017  0x00000418   Section        8  _printf_percent_end.o(.ARM.Collect$$_printf_percent$$00000017)
    .ARM.Collect$$libinit$$00000000          0x00000428   Section        6  libinit.o(.ARM.Collect$$libinit$$00000000)
    .ARM.Collect$$libinit$$00000001          0x0000042e   Section        8  libinit2.o(.ARM.Collect$$libinit$$00000001)
    .ARM.Collect$$libinit$$00000006          0x00000436   Section        0  libinit2.o(.ARM.Collect$$libinit$$00000006)
    .ARM.Collect$$libinit$$00000008          0x00000436   Section        0  libinit2.o(.ARM.Collect$$libinit$$00000008)
    .ARM.Collect$$libinit$$0000000A          0x00000436   Section        0  libinit2.o(.ARM.Collect$$libinit$$0000000A)
    .ARM.Collect$$libinit$$0000000D          0x00000436   Section        0  libinit2.o(.ARM.Collect$$libinit$$0000000D)
    .ARM.Collect$$libinit$$0000000F          0x00000436   Section        0  libinit2.o(.ARM.Collect$$libinit$$0000000F)
    .ARM.Collect$$libinit$$00000011          0x00000436   Section        0  libinit2.o(.ARM.Collect$$libinit$$00000011)
    .ARM.Collect$$libinit$$00000013          0x00000436   Section        0  libinit2.o(.ARM.Collect$$libinit$$00000013)
    .ARM.Collect$$libinit$$00000015          0x00000436   Section        0  libinit2.o(.ARM.Collect$$libinit$$00000015)
    .ARM.Collect$$libinit$$00000017          0x00000436   Section        0  libinit2.o(.ARM.Collect$$libinit$$00000017)
    .ARM.Collect$$libinit$$00000019          0x00000436   Section        0  libinit2.o(.ARM.Collect$$libinit$$00000019)
    .ARM.Collect$$libinit$$0000001B          0x00000436   Section        0  libinit2.o(.ARM.Collect$$libinit$$0000001B)
    .ARM.Collect$$libinit$$0000001D          0x00000436   Section        0  libinit2.o(.ARM.Collect$$libinit$$0000001D)
    .ARM.Collect$$libinit$$0000001F          0x00000436   Section        0  libinit2.o(.ARM.Collect$$libinit$$0000001F)
    .ARM.Collect$$libinit$$00000021          0x00000436   Section        0  libinit2.o(.ARM.Collect$$libinit$$00000021)
    .ARM.Collect$$libinit$$00000028          0x00000436   Section        0  libinit2.o(.ARM.Collect$$libinit$$00000028)
    .ARM.Collect$$libinit$$0000002A          0x00000436   Section        0  libinit2.o(.ARM.Collect$$libinit$$0000002A)
    .ARM.Collect$$libinit$$0000002C          0x00000436   Section        0  libinit2.o(.ARM.Collect$$libinit$$0000002C)
    .ARM.Collect$$libinit$$0000002E          0x00000436   Section        0  libinit2.o(.ARM.Collect$$libinit$$0000002E)
    .ARM.Collect$$libinit$$0000002F          0x00000436   Section       12  libinit2.o(.ARM.Collect$$libinit$$0000002F)
    .ARM.Collect$$libshutdown$$00000000      0x0000044c   Section        4  libshutdown.o(.ARM.Collect$$libshutdown$$00000000)
    .ARM.Collect$$libshutdown$$00000003      0x00000450   Section        0  libshutdown2.o(.ARM.Collect$$libshutdown$$00000003)
    .ARM.Collect$$libshutdown$$00000006      0x00000450   Section        0  libshutdown2.o(.ARM.Collect$$libshutdown$$00000006)
    .ARM.Collect$$libshutdown$$00000009      0x00000450   Section        0  libshutdown2.o(.ARM.Collect$$libshutdown$$00000009)
    .ARM.Collect$$libshutdown$$0000000B      0x00000450   Section        0  libshutdown2.o(.ARM.Collect$$libshutdown$$0000000B)
    .ARM.Collect$$libshutdown$$0000000E      0x00000450   Section        0  libshutdown2.o(.ARM.Collect$$libshutdown$$0000000E)
    .ARM.Collect$$libshutdown$$0000000F      0x00000450   Section        6  libshutdown2.o(.ARM.Collect$$libshutdown$$0000000F)
    .ARM.Collect$$rtentry$$00000000          0x00000458   Section        0  rtentry.o(.ARM.Collect$$rtentry$$00000000)
    .ARM.Collect$$rtentry$$00000002          0x00000458   Section        0  rtentry2.o(.ARM.Collect$$rtentry$$00000002)
    .ARM.Collect$$rtentry$$00000004          0x00000458   Section        8  rtentry4.o(.ARM.Collect$$rtentry$$00000004)
    .ARM.Collect$$rtentry$$00000009          0x00000460   Section        0  rtentry2.o(.ARM.Collect$$rtentry$$00000009)
    .ARM.Collect$$rtentry$$0000000A          0x00000460   Section        4  rtentry2.o(.ARM.Collect$$rtentry$$0000000A)
    .ARM.Collect$$rtentry$$0000000C          0x00000464   Section        0  rtentry2.o(.ARM.Collect$$rtentry$$0000000C)
    .ARM.Collect$$rtentry$$0000000D          0x00000464   Section       40  rtentry2.o(.ARM.Collect$$rtentry$$0000000D)
    .ARM.Collect$$rtexit$$00000000           0x00000490   Section        4  rtexit.o(.ARM.Collect$$rtexit$$00000000)
    .ARM.Collect$$rtexit$$00000002           0x00000494   Section        0  rtexit2.o(.ARM.Collect$$rtexit$$00000002)
    .ARM.Collect$$rtexit$$00000003           0x00000494   Section        4  rtexit2.o(.ARM.Collect$$rtexit$$00000003)
    .ARM.Collect$$rtexit$$00000004           0x00000498   Section        8  rtexit2.o(.ARM.Collect$$rtexit$$00000004)
    .emb_text                                0x000004a0   Section        0  maybetermalloc1.o(.emb_text)
    .text                                    0x000004a0   Section       36  lpc2400.o(.text)
    .text                                    0x000004c4   Section        0  main.o(.text)
    prvSetupHardware                         0x000004c4   ARM Code     148  main.o(.text)
    .text                                    0x00000588   Section        0  console.o(.text)
    vConsoleTask                             0x00000588   ARM Code     152  console.o(.text)
    .text                                    0x000006b0   Section        0  retarget.o(.text)
    .text                                    0x00000760   Section        0  serial.o(.text)
    .text                                    0x00000ae4   Section      148  serialisr.o(.text)
    .text                                    0x00000b78   Section        0  lcd.o(.text)
    vLcdTask                                 0x00000b78   ARM Code     852  lcd.o(.text)
    .text                                    0x00000f70   Section      148  lcdisr.o(.text)
    .text                                    0x00001004   Section        0  list.o(.text)
    .text                                    0x00001118   Section        0  queue.o(.text)
    prvUnlockQueue                           0x00001250   ARM Code     232  queue.o(.text)
    prvIsQueueFull                           0x00001338   ARM Code      60  queue.o(.text)
    prvCopyDataToQueue                       0x00001374   ARM Code     180  queue.o(.text)
    prvIsQueueEmpty                          0x00001630   ARM Code      56  queue.o(.text)
    prvCopyDataFromQueue                     0x00001668   ARM Code      88  queue.o(.text)
    .text                                    0x000019ac   Section        0  tasks.o(.text)
    prvInitialiseTaskLists                   0x000019ac   ARM Code     112  tasks.o(.text)
    prvInitialiseTCBVariables                0x00001a1c   ARM Code     104  tasks.o(.text)
    prvAllocateTCBAndStack                   0x00001a84   ARM Code     116  tasks.o(.text)
    prvAddCurrentTaskToDelayedList           0x00002078   ARM Code     120  tasks.o(.text)
    prvDeleteTCB                             0x00002684   ARM Code      32  tasks.o(.text)
    prvCheckTasksWaitingTermination          0x000026a4   ARM Code     156  tasks.o(.text)
    prvIdleTask                              0x00002740   ARM Code      32  tasks.o(.text)
    .text                                    0x00002a78   Section        0  port.o(.text)
    prvSetupTimerInterrupt                   0x00002b64   ARM Code     116  port.o(.text)
    .text                                    0x00002c80   Section        0  heap_3.o(.text)
    .text                                    0x00002cd0   Section        0  lcd_grph.o(.text)
    hLine                                    0x00002d7c   ARM Code     100  lcd_grph.o(.text)
    vLine                                    0x00002de0   ARM Code      84  lcd_grph.o(.text)
    .text                                    0x00003988   Section        0  lcd_hw.o(.text)
    sendSpi                                  0x000039a0   ARM Code     100  lcd_hw.o(.text)
    .text                                    0x000043a4   Section        4  use_no_semi.o(.text)
    .text                                    0x000043b0   Section        0  h1_alloc.o(.text)
    .text                                    0x0000442c   Section        0  h1_free.o(.text)
    .text                                    0x00004488   Section        0  noretval__2printf.o(.text)
    .text                                    0x000044a4   Section        0  __printf.o(.text)
    .text                                    0x0000451c   Section        0  _printf_str.o(.text)
    .text                                    0x0000457c   Section        0  strlen.o(.text)
    .text                                    0x000045c0   Section      212  rt_memcpy.o(.text)
    .text                                    0x00004694   Section       16  aeabi_memset.o(.text)
    .text                                    0x000046a4   Section      112  strncpy.o(.text)
    .text                                    0x00004714   Section      384  aeabi_sdiv.o(.text)
    __arm_div8                               0x00004740   ARM Code       0  aeabi_sdiv.o(.text)
    __arm_div5                               0x00004764   ARM Code       0  aeabi_sdiv.o(.text)
    __arm_div2                               0x00004788   ARM Code       0  aeabi_sdiv.o(.text)
    __arm_div_large                          0x000047c4   ARM Code       0  aeabi_sdiv.o(.text)
    .text                                    0x00004894   Section        0  heapauxi.o(.text)
    .text                                    0x000048a0   Section       16  rt_heap_descriptor_intlibspace.o(.text)
    .text                                    0x000048b0   Section        0  hguard.o(.text)
    .text                                    0x000048b4   Section        0  init_alloc.o(.text)
    .text                                    0x00004948   Section        0  h1_init.o(.text)
    .text                                    0x00004960   Section        0  _printf_char.o(.text)
    .text                                    0x00004994   Section        0  _printf_char_file.o(.text)
    .text                                    0x000049c0   Section      100  rt_memcpy_w.o(.text)
    .text                                    0x00004a24   Section       64  rt_memclr.o(.text)
    .text                                    0x00004a64   Section       12  libspace.o(.text)
    .text                                    0x00004a70   Section        0  h1_extend.o(.text)
    .text                                    0x00004aa8   Section        0  _printf_char_common.o(.text)
    _printf_input_char                       0x00004aa9   Thumb Code    10  _printf_char_common.o(.text)
    .text                                    0x00004ad8   Section        0  defsig_rtmem_outer.o(.text)
    .text                                    0x00004ae8   Section       84  rt_memclr_w.o(.text)
    .text                                    0x00004b3c   Section       96  sys_stackheap_outer.o(.text)
    .text                                    0x00004b9c   Section        0  exit.o(.text)
    .text                                    0x00004ba8   Section        0  defsig_exit.o(.text)
    .text                                    0x00004bb8   Section        0  defsig_rtmem_inner.o(.text)
    .text                                    0x00004c08   Section        0  defsig_general.o(.text)
    .text                                    0x00004c40   Section       16  rt_fp_status_addr_intlibspace.o(.text)
    .text_udiv                               0x00004c50   Section       36  aeabi_sdiv.o(.text_udiv)
    PORT_ASM                                 0x00004c74   Section      388  portasm.o(PORT_ASM)
    i.__ARM_common_call_via_r1               0x00004e10   Section        0  __printf.o(i.__ARM_common_call_via_r1)
    i.__ARM_common_call_via_r2               0x00004e12   Section        0  __printf.o(i.__ARM_common_call_via_r2)
    x$fpl$fpinit                             0x00004e18   Section       24  fpinit.o(x$fpl$fpinit)
    .constdata                               0x00004e30   Section      768  font5x7.o(.constdata)
    .constdata                               0x00005130   Section        8  lcd_grph.o(.constdata)
    font_mask                                0x00005130   Data           8  lcd_grph.o(.constdata)
    .conststring                             0x00005138   Section       10  console.o(.conststring)
    .conststring                             0x00005142   Section       30  lcd.o(.conststring)
    .data                                    0xa0000000   Section        8  console.o(.data)
    xPort                                    0xa0000004   Data           4  console.o(.data)
    .data                                    0xa0000008   Section        4  retarget.o(.data)
    .data                                    0xa000000c   Section       12  serial.o(.data)
    xRxedChars                               0xa000000c   Data           4  serial.o(.data)
    xCharsForTx                              0xa0000010   Data           4  serial.o(.data)
    lTHREEmpty                               0xa0000014   Data           4  serial.o(.data)
    .data                                    0xa0000018   Section      248  lcd.o(.data)
    stringFlag                               0xa0000108   Data           4  lcd.o(.data)
    xTouchScreenPressedQ                     0xa000010c   Data           4  lcd.o(.data)
    .data                                    0xa0000110   Section       60  tasks.o(.data)
    uxTasksDeleted                           0xa0000114   Data           4  tasks.o(.data)
    uxCurrentNumberOfTasks                   0xa0000118   Data           4  tasks.o(.data)
    xTickCount                               0xa000011c   Data           4  tasks.o(.data)
    uxTopUsedPriority                        0xa0000120   Data           4  tasks.o(.data)
    uxTopReadyPriority                       0xa0000124   Data           4  tasks.o(.data)
    xSchedulerRunning                        0xa0000128   Data           4  tasks.o(.data)
    uxSchedulerSuspended                     0xa000012c   Data           4  tasks.o(.data)
    uxMissedTicks                            0xa0000130   Data           4  tasks.o(.data)
    xMissedYield                             0xa0000134   Data           4  tasks.o(.data)
    xNumOfOverflows                          0xa0000138   Data           4  tasks.o(.data)
    uxTaskNumber                             0xa000013c   Data           4  tasks.o(.data)
    xNextTaskUnblockTime                     0xa0000140   Data           4  tasks.o(.data)
    pxDelayedTaskList                        0xa0000144   Data           4  tasks.o(.data)
    pxOverflowDelayedTaskList                0xa0000148   Data           4  tasks.o(.data)
    .data                                    0xa000014c   Section        4  port.o(.data)
    .data                                    0xa0000150   Section        4  lcd_grph.o(.data)
    foregroundColor                          0xa0000150   Data           2  lcd_grph.o(.data)
    backgroundColor                          0xa0000152   Data           2  lcd_grph.o(.data)
    .data                                    0xa0000154   Section        1  lcd_hw.o(.data)
    .bss                                     0xa0000158   Section      180  tasks.o(.bss)
    pxReadyTasksLists                        0xa0000158   Data          80  tasks.o(.bss)
    xDelayedTaskList1                        0xa00001a8   Data          20  tasks.o(.bss)
    xDelayedTaskList2                        0xa00001bc   Data          20  tasks.o(.bss)
    xPendingReadyList                        0xa00001d0   Data          20  tasks.o(.bss)
    xTasksWaitingTermination                 0xa00001e4   Data          20  tasks.o(.bss)
    xSuspendedTaskList                       0xa00001f8   Data          20  tasks.o(.bss)
    .bss                                     0xa000020c   Section       96  libspace.o(.bss)
    HEAP                                     0xa0000270   Section    4194304  lpc2400.o(HEAP)
    Heap_Mem                                 0xa0000270   Data       4194304  lpc2400.o(HEAP)
    STACK                                    0xa0400270   Section     4880  lpc2400.o(STACK)
    Stack_Mem                                0xa0400270   Data        4880  lpc2400.o(STACK)
    Stack_Top                                0xa0401580   Data           0  lpc2400.o(STACK)

    Global Symbols

    Symbol Name                              Value     Ov Type        Size  Object(Section)

    BuildAttributes$$THM_ISAv1$ARM_ISAv4$S$PE$A:L22$X:L11$S22$IEEE1$IW$USESV6$~STKCKD$USESV7$~SHL$OTIME$ROPI$EBA8$UX$STANDARDLIB$REQ8$PRES8$EABIv2 0x00000000   Number         0  anon$$obj.o ABSOLUTE
    __ARM_use_no_argv                        0x00000000   Number         0  main.o ABSOLUTE
    __ARM_exceptions_init                     - Undefined Weak Reference
    __alloca_initialize                       - Undefined Weak Reference
    __cpp_initialize__aeabi_                  - Undefined Weak Reference
    __cxa_finalize                            - Undefined Weak Reference
    __rt_locale                               - Undefined Weak Reference
    __sigvec_lookup                           - Undefined Weak Reference
    __user_heap_extent                        - Undefined Weak Reference
    _atexit_init                              - Undefined Weak Reference
    _call_atexit_fns                          - Undefined Weak Reference
    _clock_init                               - Undefined Weak Reference
    _fp_trap_init                             - Undefined Weak Reference
    _fp_trap_shutdown                         - Undefined Weak Reference
    _get_lc_collate                           - Undefined Weak Reference
    _get_lc_ctype                             - Undefined Weak Reference
    _get_lc_monetary                          - Undefined Weak Reference
    _get_lc_numeric                           - Undefined Weak Reference
    _get_lc_time                              - Undefined Weak Reference
    _getenv_init                              - Undefined Weak Reference
    _handle_redirection                       - Undefined Weak Reference
    _initio                                   - Undefined Weak Reference
    _mutex_acquire                            - Undefined Weak Reference
    _mutex_free                               - Undefined Weak Reference
    _mutex_release                            - Undefined Weak Reference
    _printf_mbtowc                            - Undefined Weak Reference
    _printf_post_padding                      - Undefined Weak Reference
    _printf_pre_padding                       - Undefined Weak Reference
    _rand_init                                - Undefined Weak Reference
    _signal_finish                            - Undefined Weak Reference
    _signal_init                              - Undefined Weak Reference
    _terminateio                              - Undefined Weak Reference
    Reset_Handler                            0x00000058   ARM Code       0  lpc2400.o(RESET)
    __main                                   0x00000340   ARM Code       8  __main.o(!!!main)
    __scatterload                            0x00000348   ARM Code       0  __scatter.o(!!!scatter)
    __scatterload_rt2                        0x00000348   ARM Code      52  __scatter.o(!!!scatter)
    __scatterload_null                       0x0000035c   ARM Code       0  __scatter.o(!!!scatter)
    __decompress                             0x00000384   ARM Code      92  __dczerorl2.o(!!dczerorl2)
    __decompress1                            0x00000384   ARM Code       0  __dczerorl2.o(!!dczerorl2)
    __scatterload_zeroinit                   0x000003e0   ARM Code      44  __scatter_zi.o(!!handler_zi)
    Inline Thumb to ARM Veneer to _printf_percent 0x0000040d   Thumb Code     4  _printf_percent.o(.ARM.Collect$$_printf_percent$$00000000)
    _printf_percent                          0x00000410   ARM Code       0  _printf_percent.o(.ARM.Collect$$_printf_percent$$00000000)
    _printf_s                                0x00000410   ARM Code       0  _printf_s.o(.ARM.Collect$$_printf_percent$$00000014)
    _printf_percent_end                      0x00000418   ARM Code       0  _printf_percent_end.o(.ARM.Collect$$_printf_percent$$00000017)
    Inline ARM to Thumb Veneer to __rt_lib_init 0x00000420   ARM Code       8  libinit.o(.ARM.Collect$$libinit$$00000000)
    __rt_lib_init                            0x00000429   Thumb Code     0  libinit.o(.ARM.Collect$$libinit$$00000000)
    __rt_lib_init_heap_2                     0x0000042f   Thumb Code     0  libinit2.o(.ARM.Collect$$libinit$$00000001)
    __rt_lib_init_alloca_1                   0x00000437   Thumb Code     0  libinit2.o(.ARM.Collect$$libinit$$0000002A)
    __rt_lib_init_argv_1                     0x00000437   Thumb Code     0  libinit2.o(.ARM.Collect$$libinit$$00000028)
    __rt_lib_init_atexit_1                   0x00000437   Thumb Code     0  libinit2.o(.ARM.Collect$$libinit$$00000017)
    __rt_lib_init_clock_1                    0x00000437   Thumb Code     0  libinit2.o(.ARM.Collect$$libinit$$0000001D)
    __rt_lib_init_cpp_1                      0x00000437   Thumb Code     0  libinit2.o(.ARM.Collect$$libinit$$0000002E)
    __rt_lib_init_exceptions_1               0x00000437   Thumb Code     0  libinit2.o(.ARM.Collect$$libinit$$0000002C)
    __rt_lib_init_fp_trap_1                  0x00000437   Thumb Code     0  libinit2.o(.ARM.Collect$$libinit$$0000001B)
    __rt_lib_init_getenv_1                   0x00000437   Thumb Code     0  libinit2.o(.ARM.Collect$$libinit$$0000001F)
    __rt_lib_init_heap_1                     0x00000437   Thumb Code     0  libinit2.o(.ARM.Collect$$libinit$$00000006)
    __rt_lib_init_lc_collate_1               0x00000437   Thumb Code     0  libinit2.o(.ARM.Collect$$libinit$$0000000D)
    __rt_lib_init_lc_ctype_1                 0x00000437   Thumb Code     0  libinit2.o(.ARM.Collect$$libinit$$0000000F)
    __rt_lib_init_lc_monetary_1              0x00000437   Thumb Code     0  libinit2.o(.ARM.Collect$$libinit$$00000011)
    __rt_lib_init_lc_numeric_1               0x00000437   Thumb Code     0  libinit2.o(.ARM.Collect$$libinit$$00000013)
    __rt_lib_init_lc_time_1                  0x00000437   Thumb Code     0  libinit2.o(.ARM.Collect$$libinit$$00000015)
    __rt_lib_init_rand_1                     0x00000437   Thumb Code     0  libinit2.o(.ARM.Collect$$libinit$$0000000A)
    __rt_lib_init_return                     0x00000437   Thumb Code     0  libinit2.o(.ARM.Collect$$libinit$$0000002F)
    __rt_lib_init_signal_1                   0x00000437   Thumb Code     0  libinit2.o(.ARM.Collect$$libinit$$00000019)
    __rt_lib_init_stdio_1                    0x00000437   Thumb Code     0  libinit2.o(.ARM.Collect$$libinit$$00000021)
    __rt_lib_init_user_alloc_1               0x00000437   Thumb Code     0  libinit2.o(.ARM.Collect$$libinit$$00000008)
    Inline ARM to Thumb Veneer to __rt_lib_shutdown 0x00000444   ARM Code       8  libshutdown.o(.ARM.Collect$$libshutdown$$00000000)
    __rt_lib_shutdown                        0x0000044d   Thumb Code     0  libshutdown.o(.ARM.Collect$$libshutdown$$00000000)
    __rt_lib_shutdown_fp_trap_1              0x00000451   Thumb Code     0  libshutdown2.o(.ARM.Collect$$libshutdown$$00000006)
    __rt_lib_shutdown_heap_1                 0x00000451   Thumb Code     0  libshutdown2.o(.ARM.Collect$$libshutdown$$0000000E)
    __rt_lib_shutdown_return                 0x00000451   Thumb Code     0  libshutdown2.o(.ARM.Collect$$libshutdown$$0000000F)
    __rt_lib_shutdown_signal_1               0x00000451   Thumb Code     0  libshutdown2.o(.ARM.Collect$$libshutdown$$00000009)
    __rt_lib_shutdown_stdio_1                0x00000451   Thumb Code     0  libshutdown2.o(.ARM.Collect$$libshutdown$$00000003)
    __rt_lib_shutdown_user_alloc_1           0x00000451   Thumb Code     0  libshutdown2.o(.ARM.Collect$$libshutdown$$0000000B)
    __rt_entry                               0x00000458   ARM Code       0  rtentry.o(.ARM.Collect$$rtentry$$00000000)
    __rt_entry_presh_1                       0x00000458   ARM Code       0  rtentry2.o(.ARM.Collect$$rtentry$$00000002)
    __rt_entry_sh                            0x00000458   ARM Code       0  rtentry4.o(.ARM.Collect$$rtentry$$00000004)
    __rt_entry_li                            0x00000460   ARM Code       0  rtentry2.o(.ARM.Collect$$rtentry$$0000000A)
    __rt_entry_postsh_1                      0x00000460   ARM Code       0  rtentry2.o(.ARM.Collect$$rtentry$$00000009)
    __rt_entry_main                          0x00000464   ARM Code       0  rtentry2.o(.ARM.Collect$$rtentry$$0000000D)
    __rt_entry_postli_1                      0x00000464   ARM Code       0  rtentry2.o(.ARM.Collect$$rtentry$$0000000C)
    Inline Thumb to ARM Veneer to __rt_exit  0x0000048d   Thumb Code     4  rtexit.o(.ARM.Collect$$rtexit$$00000000)
    __rt_exit                                0x00000490   ARM Code       0  rtexit.o(.ARM.Collect$$rtexit$$00000000)
    __rt_exit_ls                             0x00000494   ARM Code       0  rtexit2.o(.ARM.Collect$$rtexit$$00000003)
    __rt_exit_prels_1                        0x00000494   ARM Code       0  rtexit2.o(.ARM.Collect$$rtexit$$00000002)
    __rt_exit_exit                           0x00000498   ARM Code       0  rtexit2.o(.ARM.Collect$$rtexit$$00000004)
    __user_initial_stackheap                 0x000004a0   ARM Code       0  lpc2400.o(.text)
    _maybe_terminate_alloc                   0x000004a1   Thumb Code     0  maybetermalloc1.o(.emb_text)
    main                                     0x00000558   ARM Code      36  main.o(.text)
    vStartConsole                            0x00000620   ARM Code      84  console.o(.text)
    xConsolePortHandle                       0x00000674   ARM Code      12  console.o(.text)
    fputc                                    0x000006b0   ARM Code      48  retarget.o(.text)
    fgetc                                    0x000006e0   ARM Code      68  retarget.o(.text)
    ferror                                   0x00000724   ARM Code      12  retarget.o(.text)
    _ttywrch                                 0x00000730   ARM Code      40  retarget.o(.text)
    _sys_exit                                0x00000758   ARM Code       8  retarget.o(.text)
    xSerialPortInitMinimal                   0x00000760   ARM Code     292  serial.o(.text)
    xSerialGetChar                           0x00000884   ARM Code      68  serial.o(.text)
    xSerialPutChar                           0x000008c8   ARM Code     172  serial.o(.text)
    vSerialPutString                         0x00000974   ARM Code      72  serial.o(.text)
    vUART_ISRHandler                         0x000009bc   ARM Code     272  serial.o(.text)
    vUART_ISREntry                           0x00000ae4   ARM Code       0  serialisr.o(.text)
    vStartLcd                                0x00000ecc   ARM Code      76  lcd.o(.text)
    vLCD_ISRHandler                          0x00000f18   ARM Code      80  lcd.o(.text)
    vLCD_ISREntry                            0x00000f70   ARM Code       0  lcdisr.o(.text)
    vListInitialise                          0x00001004   ARM Code      44  list.o(.text)
    vListInitialiseItem                      0x00001030   ARM Code      12  list.o(.text)
    vListInsertEnd                           0x0000103c   ARM Code      56  list.o(.text)
    vListInsert                              0x00001074   ARM Code      96  list.o(.text)
    vListRemove                              0x000010d4   ARM Code      68  list.o(.text)
    xQueueGenericReset                       0x00001118   ARM Code     184  queue.o(.text)
    xQueueGenericCreate                      0x000011d0   ARM Code     128  queue.o(.text)
    xQueueGenericSend                        0x00001428   ARM Code     348  queue.o(.text)
    xQueueGenericSendFromISR                 0x00001584   ARM Code     172  queue.o(.text)
    xQueueGenericReceive                     0x000016c0   ARM Code     424  queue.o(.text)
    xQueueReceiveFromISR                     0x00001868   ARM Code     172  queue.o(.text)
    uxQueueMessagesWaiting                   0x00001914   ARM Code      32  queue.o(.text)
    uxQueueMessagesWaitingFromISR            0x00001934   ARM Code      12  queue.o(.text)
    vQueueDelete                             0x00001940   ARM Code      32  queue.o(.text)
    xQueueIsQueueEmptyFromISR                0x00001960   ARM Code      36  queue.o(.text)
    xQueueIsQueueFullFromISR                 0x00001984   ARM Code      40  queue.o(.text)
    xTaskGenericCreate                       0x00001af8   ARM Code     428  tasks.o(.text)
    vTaskDelete                              0x00001ca4   ARM Code     180  tasks.o(.text)
    vTaskIncrementTick                       0x00001d58   ARM Code     452  tasks.o(.text)
    xTaskResumeAll                           0x00001f1c   ARM Code     348  tasks.o(.text)
    vTaskSuspendAll                          0x000020f0   ARM Code      24  tasks.o(.text)
    vTaskDelayUntil                          0x00002108   ARM Code     180  tasks.o(.text)
    vTaskDelay                               0x000021bc   ARM Code      88  tasks.o(.text)
    uxTaskPriorityGet                        0x00002214   ARM Code      60  tasks.o(.text)
    vTaskPrioritySet                         0x00002250   ARM Code     252  tasks.o(.text)
    vTaskSwitchContext                       0x0000234c   ARM Code     168  tasks.o(.text)
    vTaskSuspend                             0x000023f4   ARM Code     188  tasks.o(.text)
    xTaskIsTaskSuspended                     0x000024b0   ARM Code     124  tasks.o(.text)
    vTaskResume                              0x0000252c   ARM Code     160  tasks.o(.text)
    xTaskResumeFromISR                       0x000025cc   ARM Code     184  tasks.o(.text)
    vTaskStartScheduler                      0x00002760   ARM Code     196  tasks.o(.text)
    vTaskEndScheduler                        0x00002824   ARM Code      40  tasks.o(.text)
    xTaskGetTickCount                        0x0000284c   ARM Code      32  tasks.o(.text)
    xTaskGetTickCountFromISR                 0x0000286c   ARM Code      16  tasks.o(.text)
    uxTaskGetNumberOfTasks                   0x0000287c   ARM Code      12  tasks.o(.text)
    vTaskPlaceOnEventList                    0x00002888   ARM Code     108  tasks.o(.text)
    xTaskRemoveFromEventList                 0x000028f4   ARM Code     168  tasks.o(.text)
    vTaskSetTimeOutState                     0x0000299c   ARM Code      28  tasks.o(.text)
    xTaskCheckForTimeOut                     0x000029b8   ARM Code     176  tasks.o(.text)
    vTaskMissedYield                         0x00002a68   ARM Code      16  tasks.o(.text)
    pxPortInitialiseStack                    0x00002a78   ARM Code     236  port.o(.text)
    xPortStartScheduler                      0x00002bd8   ARM Code      24  port.o(.text)
    vPortEndScheduler                        0x00002bf0   ARM Code       4  port.o(.text)
    vPortEnterCritical                       0x00002bf4   ARM Code      36  port.o(.text)
    vPortExitCritical                        0x00002c18   ARM Code      68  port.o(.text)
    pvPortMalloc                             0x00002c80   ARM Code      40  heap_3.o(.text)
    vPortFree                                0x00002ca8   ARM Code      40  heap_3.o(.text)
    lcd_movePen                              0x00002cd0   ARM Code     100  lcd_grph.o(.text)
    lcd_point                                0x00002d34   ARM Code      72  lcd_grph.o(.text)
    lcd_setWindow                            0x00002e34   ARM Code     144  lcd_grph.o(.text)
    lcd_fillScreen                           0x00002ec4   ARM Code     112  lcd_grph.o(.text)
    lcd_drawRect                             0x00002f34   ARM Code     112  lcd_grph.o(.text)
    lcd_fillRect                             0x00002fa4   ARM Code     184  lcd_grph.o(.text)
    lcd_line                                 0x0000305c   ARM Code     536  lcd_grph.o(.text)
    lcd_circle                               0x00003274   ARM Code    1184  lcd_grph.o(.text)
    lcd_putChar                              0x00003714   ARM Code     236  lcd_grph.o(.text)
    lcd_putString                            0x00003800   ARM Code      88  lcd_grph.o(.text)
    lcd_fontColor                            0x00003858   ARM Code      20  lcd_grph.o(.text)
    lcd_pictureBegin                         0x0000386c   ARM Code      84  lcd_grph.o(.text)
    lcd_pictureData                          0x000038c0   ARM Code      56  lcd_grph.o(.text)
    lcd_pictureEnd                           0x000038f8   ARM Code      32  lcd_grph.o(.text)
    lcd_picture                              0x00003918   ARM Code      76  lcd_grph.o(.text)
    mdelay                                   0x00003988   ARM Code      24  lcd_hw.o(.text)
    lcd_hw_init                              0x00003a04   ARM Code     384  lcd_hw.o(.text)
    writeToDisp                              0x00003b84   ARM Code      12  lcd_hw.o(.text)
    readFromDisp                             0x00003b90   ARM Code      16  lcd_hw.o(.text)
    writeToReg                               0x00003ba0   ARM Code      56  lcd_hw.o(.text)
    readFromReg                              0x00003bd8   ARM Code      64  lcd_hw.o(.text)
    writeLcdCommand                          0x00003c18   ARM Code     248  lcd_hw.o(.text)
    lcd_init                                 0x00003d10   ARM Code    1104  lcd_hw.o(.text)
    getTouch                                 0x00004160   ARM Code     336  lcd_hw.o(.text)
    __I$use$semihosting                      0x000043a4   ARM Code       0  use_no_semi.o(.text)
    __use_no_semihosting_swi                 0x000043a4   ARM Code       4  use_no_semi.o(.text)
    Inline ARM to Thumb Veneer to malloc     0x000043a8   ARM Code       8  h1_alloc.o(.text)
    malloc                                   0x000043b1   Thumb Code   116  h1_alloc.o(.text)
    Inline ARM to Thumb Veneer to free       0x00004424   ARM Code       8  h1_free.o(.text)
    free                                     0x0000442d   Thumb Code    84  h1_free.o(.text)
    Inline ARM to Thumb Veneer to __2printf  0x00004480   ARM Code       8  noretval__2printf.o(.text)
    __2printf                                0x00004489   Thumb Code    22  noretval__2printf.o(.text)
    __printf                                 0x000044a5   Thumb Code   120  __printf.o(.text)
    _printf_str                              0x0000451d   Thumb Code    88  _printf_str.o(.text)
    Inline ARM to Thumb Veneer to strlen     0x00004574   ARM Code       8  strlen.o(.text)
    strlen                                   0x0000457d   Thumb Code    64  strlen.o(.text)
    __aeabi_memcpy                           0x000045c0   ARM Code       0  rt_memcpy.o(.text)
    __rt_memcpy                              0x000045c0   ARM Code     212  rt_memcpy.o(.text)
    _memcpy_lastbytes                        0x00004674   ARM Code       0  rt_memcpy.o(.text)
    __aeabi_memset                           0x00004694   ARM Code      16  aeabi_memset.o(.text)
    strncpy                                  0x000046a4   ARM Code     108  strncpy.o(.text)
    __aeabi_idiv                             0x00004714   ARM Code       0  aeabi_sdiv.o(.text)
    __aeabi_idivmod                          0x00004714   ARM Code     384  aeabi_sdiv.o(.text)
    __use_two_region_memory                  0x00004895   Thumb Code     2  heapauxi.o(.text)
    __rt_heap_escrow                         0x00004897   Thumb Code     2  heapauxi.o(.text)
    __rt_heap_expand                         0x00004899   Thumb Code     2  heapauxi.o(.text)
    Inline Thumb to ARM Veneer to __rt_heap_descriptor 0x0000489d   Thumb Code     4  rt_heap_descriptor_intlibspace.o(.text)
    __rt_heap_descriptor                     0x000048a0   ARM Code      16  rt_heap_descriptor_intlibspace.o(.text)
    __use_no_heap                            0x000048b1   Thumb Code     2  hguard.o(.text)
    __heap$guard                             0x000048b3   Thumb Code     2  hguard.o(.text)
    _terminate_user_alloc                    0x000048b5   Thumb Code     2  init_alloc.o(.text)
    _init_user_alloc                         0x000048b7   Thumb Code     2  init_alloc.o(.text)
    __Heap_Full                              0x000048b9   Thumb Code    36  init_alloc.o(.text)
    __Heap_Broken                            0x000048dd   Thumb Code    14  init_alloc.o(.text)
    _init_alloc                              0x000048eb   Thumb Code    94  init_alloc.o(.text)
    __Heap_Initialize                        0x00004949   Thumb Code    10  h1_init.o(.text)
    __Heap_DescSize                          0x00004953   Thumb Code     4  h1_init.o(.text)
    Inline ARM to Thumb Veneer to _printf_string 0x00004958   ARM Code       8  _printf_char.o(.text)
    _printf_cs_common                        0x00004961   Thumb Code    26  _printf_char.o(.text)
    _printf_char                             0x0000497b   Thumb Code    16  _printf_char.o(.text)
    _printf_string                           0x0000498b   Thumb Code     8  _printf_char.o(.text)
    _printf_char_file                        0x00004995   Thumb Code    38  _printf_char_file.o(.text)
    __aeabi_memcpy4                          0x000049c0   ARM Code       0  rt_memcpy_w.o(.text)
    __aeabi_memcpy8                          0x000049c0   ARM Code       0  rt_memcpy_w.o(.text)
    __rt_memcpy_w                            0x000049c0   ARM Code     100  rt_memcpy_w.o(.text)
    _memcpy_lastbytes_aligned                0x00004a0c   ARM Code       0  rt_memcpy_w.o(.text)
    __aeabi_memclr                           0x00004a24   ARM Code       0  rt_memclr.o(.text)
    __rt_memclr                              0x00004a24   ARM Code      64  rt_memclr.o(.text)
    _memset                                  0x00004a28   ARM Code       0  rt_memclr.o(.text)
    __user_libspace                          0x00004a64   ARM Code      12  libspace.o(.text)
    __user_perproc_libspace                  0x00004a64   ARM Code       0  libspace.o(.text)
    __user_perthread_libspace                0x00004a64   ARM Code       0  libspace.o(.text)
    __Heap_ProvideMemory                     0x00004a71   Thumb Code    56  h1_extend.o(.text)
    _printf_char_common                      0x00004ab3   Thumb Code    34  _printf_char_common.o(.text)
    __rt_SIGRTMEM                            0x00004ad9   Thumb Code    16  defsig_rtmem_outer.o(.text)
    __aeabi_memclr4                          0x00004ae8   ARM Code       0  rt_memclr_w.o(.text)
    __aeabi_memclr8                          0x00004ae8   ARM Code       0  rt_memclr_w.o(.text)
    __rt_memclr_w                            0x00004ae8   ARM Code      84  rt_memclr_w.o(.text)
    _memset_w                                0x00004aec   ARM Code       0  rt_memclr_w.o(.text)
    __user_setup_stackheap                   0x00004b3c   ARM Code      96  sys_stackheap_outer.o(.text)
    exit                                     0x00004b9d   Thumb Code    12  exit.o(.text)
    __sig_exit                               0x00004ba9   Thumb Code    16  defsig_exit.o(.text)
    __rt_SIGRTMEM_inner                      0x00004bb9   Thumb Code    24  defsig_rtmem_inner.o(.text)
    __default_signal_display                 0x00004c09   Thumb Code    56  defsig_general.o(.text)
    __rt_fp_status_addr                      0x00004c40   ARM Code      16  rt_fp_status_addr_intlibspace.o(.text)
    __aeabi_uidiv                            0x00004c50   ARM Code       0  aeabi_sdiv.o(.text_udiv)
    __aeabi_uidivmod                         0x00004c50   ARM Code      36  aeabi_sdiv.o(.text_udiv)
    vPortStartFirstTask                      0x00004c74   ARM Code       0  portasm.o(PORT_ASM)
    vPortYield                               0x00004ca4   ARM Code       0  portasm.o(PORT_ASM)
    vPortYieldProcessor                      0x00004cac   ARM Code       0  portasm.o(PORT_ASM)
    vPreemptiveTick                          0x00004d38   ARM Code       0  portasm.o(PORT_ASM)
    Short Thumb to ARM Veneer to ferror      0x00004df9   Thumb Code     8  anon$$obj.o(Veneer$$Code)
    Short Thumb to ARM Veneer to _sys_exit   0x00004e01   Thumb Code     8  anon$$obj.o(Veneer$$Code)
    Short Thumb to ARM Veneer to _ttywrch    0x00004e09   Thumb Code     8  anon$$obj.o(Veneer$$Code)
    __ARM_common_call_via_r1                 0x00004e11   Thumb Code     2  __printf.o(i.__ARM_common_call_via_r1)
    __ARM_common_call_via_r2                 0x00004e13   Thumb Code     2  __printf.o(i.__ARM_common_call_via_r2)
    Inline Thumb to ARM Veneer to _fp_init   0x00004e15   Thumb Code     4  fpinit.o(x$fpl$fpinit)
    _fp_init                                 0x00004e18   ARM Code      24  fpinit.o(x$fpl$fpinit)
    __fplib_config_pureend_doubles           0x00004e28   ARM Code       0  fpinit.o(x$fpl$fpinit)
    font5x7                                  0x00004e30   Data         768  font5x7.o(.constdata)
    Region$$Table$$Base                      0x00005160   Number         0  anon$$obj.o(Region$$Table)
    Region$$Table$$Limit                     0x00005180   Number         0  anon$$obj.o(Region$$Table)
    pcPrompt                                 0xa0000000   Data           4  console.o(.data)
    __stdout                                 0xa0000008   Data           4  retarget.o(.data)
    button_left                              0xa0000018   Data          48  lcd.o(.data)
    button_right                             0xa0000048   Data          48  lcd.o(.data)
    button_top                               0xa0000078   Data          48  lcd.o(.data)
    button_buttom                            0xa00000a8   Data          48  lcd.o(.data)
    button_string                            0xa00000d8   Data          48  lcd.o(.data)
    pxCurrentTCB                             0xa0000110   Data           4  tasks.o(.data)
    ulCriticalNesting                        0xa000014c   Data           4  port.o(.data)
    activeController                         0xa0000154   Data           1  lcd_hw.o(.data)
    __libspace_start                         0xa000020c   Data          96  libspace.o(.bss)
    __temporary_stack_top$libspace           0xa000026c   Data           0  libspace.o(.bss)



==============================================================================

Memory Map of the image

  Image Entry point : 0x00000340

  Load Region LR_IROM1 (Base: 0x00000000, Size: 0x000052d8, Max: 0x00080000, ABSOLUTE, COMPRESSED[0x000051d0])

    Execution Region ER_IROM1 (Base: 0x00000000, Size: 0x00005180, Max: 0x00080000, ABSOLUTE)

    Base Addr    Size         Type   Attr      Idx    E Section Name        Object

    0x00000000   0x00000340   Code   RO            3    RESET               lpc2400.o
    0x00000340   0x00000008   Code   RO          458  * !!!main             c_t.l(__main.o)(c_t.l)
    0x00000348   0x0000003c   Code   RO          689    !!!scatter          c_t.l(__scatter.o)(c_t.l)
    0x00000384   0x0000005c   Code   RO          687    !!dczerorl2         c_t.l(__dczerorl2.o)(c_t.l)
    0x000003e0   0x0000002c   Code   RO          691    !!handler_zi        c_t.l(__scatter_zi.o)(c_t.l)
    0x0000040c   0x00000004   Ven    RO          431    .ARM.Collect$$_printf_percent$$00000000  c_t.l(_printf_percent.o)(c_t.l)
    0x00000410   0x00000000   Code   RO          431    .ARM.Collect$$_printf_percent$$00000000  c_t.l(_printf_percent.o)(c_t.l)
    0x00000410   0x00000008   Code   RO          430    .ARM.Collect$$_printf_percent$$00000014  c_t.l(_printf_s.o)(c_t.l)
    0x00000418   0x00000008   Code   RO          497    .ARM.Collect$$_printf_percent$$00000017  c_t.l(_printf_percent_end.o)(c_t.l)
    0x00000420   0x00000008   Ven    RO          623    .ARM.Collect$$libinit$$00000000  c_t.l(libinit.o)(c_t.l)
    0x00000428   0x00000006   Code   RO          623    .ARM.Collect$$libinit$$00000000  c_t.l(libinit.o)(c_t.l)
    0x0000042e   0x00000008   Code   RO          504    .ARM.Collect$$libinit$$00000001  c_t.l(libinit2.o)(c_t.l)
    0x00000436   0x00000000   Code   RO          506    .ARM.Collect$$libinit$$00000006  c_t.l(libinit2.o)(c_t.l)
    0x00000436   0x00000000   Code   RO          508    .ARM.Collect$$libinit$$00000008  c_t.l(libinit2.o)(c_t.l)
    0x00000436   0x00000000   Code   RO          510    .ARM.Collect$$libinit$$0000000A  c_t.l(libinit2.o)(c_t.l)
    0x00000436   0x00000000   Code   RO          513    .ARM.Collect$$libinit$$0000000D  c_t.l(libinit2.o)(c_t.l)
    0x00000436   0x00000000   Code   RO          515    .ARM.Collect$$libinit$$0000000F  c_t.l(libinit2.o)(c_t.l)
    0x00000436   0x00000000   Code   RO          517    .ARM.Collect$$libinit$$00000011  c_t.l(libinit2.o)(c_t.l)
    0x00000436   0x00000000   Code   RO          519    .ARM.Collect$$libinit$$00000013  c_t.l(libinit2.o)(c_t.l)
    0x00000436   0x00000000   Code   RO          521    .ARM.Collect$$libinit$$00000015  c_t.l(libinit2.o)(c_t.l)
    0x00000436   0x00000000   Code   RO          523    .ARM.Collect$$libinit$$00000017  c_t.l(libinit2.o)(c_t.l)
    0x00000436   0x00000000   Code   RO          525    .ARM.Collect$$libinit$$00000019  c_t.l(libinit2.o)(c_t.l)
    0x00000436   0x00000000   Code   RO          527    .ARM.Collect$$libinit$$0000001B  c_t.l(libinit2.o)(c_t.l)
    0x00000436   0x00000000   Code   RO          529    .ARM.Collect$$libinit$$0000001D  c_t.l(libinit2.o)(c_t.l)
    0x00000436   0x00000000   Code   RO          531    .ARM.Collect$$libinit$$0000001F  c_t.l(libinit2.o)(c_t.l)
    0x00000436   0x00000000   Code   RO          533    .ARM.Collect$$libinit$$00000021  c_t.l(libinit2.o)(c_t.l)
    0x00000436   0x00000000   Code   RO          537    .ARM.Collect$$libinit$$00000028  c_t.l(libinit2.o)(c_t.l)
    0x00000436   0x00000000   Code   RO          539    .ARM.Collect$$libinit$$0000002A  c_t.l(libinit2.o)(c_t.l)
    0x00000436   0x00000000   Code   RO          541    .ARM.Collect$$libinit$$0000002C  c_t.l(libinit2.o)(c_t.l)
    0x00000436   0x00000000   Code   RO          543    .ARM.Collect$$libinit$$0000002E  c_t.l(libinit2.o)(c_t.l)
    0x00000436   0x0000000c   Code   RO          544    .ARM.Collect$$libinit$$0000002F  c_t.l(libinit2.o)(c_t.l)
    0x00000442   0x00000002   PAD
    0x00000444   0x00000008   Ven    RO          684    .ARM.Collect$$libshutdown$$00000000  c_t.l(libshutdown.o)(c_t.l)
    0x0000044c   0x00000004   Code   RO          684    .ARM.Collect$$libshutdown$$00000000  c_t.l(libshutdown.o)(c_t.l)
    0x00000450   0x00000000   Code   RO          638    .ARM.Collect$$libshutdown$$00000003  c_t.l(libshutdown2.o)(c_t.l)
    0x00000450   0x00000000   Code   RO          641    .ARM.Collect$$libshutdown$$00000006  c_t.l(libshutdown2.o)(c_t.l)
    0x00000450   0x00000000   Code   RO          644    .ARM.Collect$$libshutdown$$00000009  c_t.l(libshutdown2.o)(c_t.l)
    0x00000450   0x00000000   Code   RO          646    .ARM.Collect$$libshutdown$$0000000B  c_t.l(libshutdown2.o)(c_t.l)
    0x00000450   0x00000000   Code   RO          649    .ARM.Collect$$libshutdown$$0000000E  c_t.l(libshutdown2.o)(c_t.l)
    0x00000450   0x00000006   Code   RO          650    .ARM.Collect$$libshutdown$$0000000F  c_t.l(libshutdown2.o)(c_t.l)
    0x00000456   0x00000002   PAD
    0x00000458   0x00000000   Code   RO          462    .ARM.Collect$$rtentry$$00000000  c_t.l(rtentry.o)(c_t.l)
    0x00000458   0x00000000   Code   RO          551    .ARM.Collect$$rtentry$$00000002  c_t.l(rtentry2.o)(c_t.l)
    0x00000458   0x00000008   Code   RO          566    .ARM.Collect$$rtentry$$00000004  c_t.l(rtentry4.o)(c_t.l)
    0x00000460   0x00000000   Code   RO          553    .ARM.Collect$$rtentry$$00000009  c_t.l(rtentry2.o)(c_t.l)
    0x00000460   0x00000004   Code   RO          554    .ARM.Collect$$rtentry$$0000000A  c_t.l(rtentry2.o)(c_t.l)
    0x00000464   0x00000000   Code   RO          556    .ARM.Collect$$rtentry$$0000000C  c_t.l(rtentry2.o)(c_t.l)
    0x00000464   0x00000028   Code   RO          557    .ARM.Collect$$rtentry$$0000000D  c_t.l(rtentry2.o)(c_t.l)
    0x0000048c   0x00000004   Ven    RO          624    .ARM.Collect$$rtexit$$00000000  c_t.l(rtexit.o)(c_t.l)
    0x00000490   0x00000004   Code   RO          624    .ARM.Collect$$rtexit$$00000000  c_t.l(rtexit.o)(c_t.l)
    0x00000494   0x00000000   Code   RO          654    .ARM.Collect$$rtexit$$00000002  c_t.l(rtexit2.o)(c_t.l)
    0x00000494   0x00000004   Code   RO          655    .ARM.Collect$$rtexit$$00000003  c_t.l(rtexit2.o)(c_t.l)
    0x00000498   0x00000008   Code   RO          656    .ARM.Collect$$rtexit$$00000004  c_t.l(rtexit2.o)(c_t.l)
    0x000004a0   0x00000000   Code   RO          572    .emb_text           c_t.l(maybetermalloc1.o)(c_t.l)
    0x000004a0   0x00000024   Code   RO            4    .text               lpc2400.o
    0x000004c4   0x000000c4   Code   RO           11    .text               main.o
    0x00000588   0x00000128   Code   RO           73    .text               console.o
    0x000006b0   0x000000b0   Code   RO           96    .text               retarget.o
    0x00000760   0x00000384   Code   RO          121    .text               serial.o
    0x00000ae4   0x00000094   Code   RO          138    .text               serialisr.o
    0x00000b78   0x000003f8   Code   RO          141    .text               lcd.o
    0x00000f70   0x00000094   Code   RO          173    .text               lcdisr.o
    0x00001004   0x00000114   Code   RO          176    .text               list.o
    0x00001118   0x00000894   Code   RO          188    .text               queue.o
    0x000019ac   0x000010cc   Code   RO          200    .text               tasks.o
    0x00002a78   0x00000208   Code   RO          235    .text               port.o
    0x00002c80   0x00000050   Code   RO          253    .text               heap_3.o
    0x00002cd0   0x00000cb8   Code   RO          280    .text               lcd_grph.o
    0x00003988   0x00000a1c   Code   RO          309    .text               lcd_hw.o
    0x000043a4   0x00000004   Code   RO          332    .text               c_t.l(use_no_semi.o)(c_t.l)
    0x000043a8   0x00000008   Ven    RO          338    .text               c_t.l(h1_alloc.o)(c_t.l)
    0x000043b0   0x00000074   Code   RO          338    .text               c_t.l(h1_alloc.o)(c_t.l)
    0x00004424   0x00000008   Ven    RO          340    .text               c_t.l(h1_free.o)(c_t.l)
    0x0000442c   0x00000054   Code   RO          340    .text               c_t.l(h1_free.o)(c_t.l)
    0x00004480   0x00000008   Ven    RO          402    .text               c_t.l(noretval__2printf.o)(c_t.l)
    0x00004488   0x0000001c   Code   RO          402    .text               c_t.l(noretval__2printf.o)(c_t.l)
    0x000044a4   0x00000078   Code   RO          404    .text               c_t.l(__printf.o)(c_t.l)
    0x0000451c   0x00000058   Code   RO          410    .text               c_t.l(_printf_str.o)(c_t.l)
    0x00004574   0x00000008   Ven    RO          432    .text               c_t.l(strlen.o)(c_t.l)
    0x0000457c   0x00000044   Code   RO          432    .text               c_t.l(strlen.o)(c_t.l)
    0x000045c0   0x000000d4   Code   RO          434    .text               c_t.l(rt_memcpy.o)(c_t.l)
    0x00004694   0x00000010   Code   RO          436    .text               c_t.l(aeabi_memset.o)(c_t.l)
    0x000046a4   0x00000070   Code   RO          438    .text               c_t.l(strncpy.o)(c_t.l)
    0x00004714   0x00000180   Code   RO          440    .text               c_t.l(aeabi_sdiv.o)(c_t.l)
    0x00004894   0x00000006   Code   RO          456    .text               c_t.l(heapauxi.o)(c_t.l)
    0x0000489a   0x00000002   PAD
    0x0000489c   0x00000004   Ven    RO          471    .text               c_t.l(rt_heap_descriptor_intlibspace.o)(c_t.l)
    0x000048a0   0x00000010   Code   RO          471    .text               c_t.l(rt_heap_descriptor_intlibspace.o)(c_t.l)
    0x000048b0   0x00000004   Code   RO          473    .text               c_t.l(hguard.o)(c_t.l)
    0x000048b4   0x00000094   Code   RO          475    .text               c_t.l(init_alloc.o)(c_t.l)
    0x00004948   0x0000000e   Code   RO          479    .text               c_t.l(h1_init.o)(c_t.l)
    0x00004956   0x00000002   PAD
    0x00004958   0x00000008   Ven    RO          493    .text               c_t.l(_printf_char.o)(c_t.l)
    0x00004960   0x00000032   Code   RO          493    .text               c_t.l(_printf_char.o)(c_t.l)
    0x00004992   0x00000002   PAD
    0x00004994   0x0000002c   Code   RO          495    .text               c_t.l(_printf_char_file.o)(c_t.l)
    0x000049c0   0x00000064   Code   RO          498    .text               c_t.l(rt_memcpy_w.o)(c_t.l)
    0x00004a24   0x00000040   Code   RO          500    .text               c_t.l(rt_memclr.o)(c_t.l)
    0x00004a64   0x0000000c   Code   RO          547    .text               c_t.l(libspace.o)(c_t.l)
    0x00004a70   0x00000038   Code   RO          576    .text               c_t.l(h1_extend.o)(c_t.l)
    0x00004aa8   0x00000030   Code   RO          580    .text               c_t.l(_printf_char_common.o)(c_t.l)
    0x00004ad8   0x00000010   Code   RO          582    .text               c_t.l(defsig_rtmem_outer.o)(c_t.l)
    0x00004ae8   0x00000054   Code   RO          586    .text               c_t.l(rt_memclr_w.o)(c_t.l)
    0x00004b3c   0x00000060   Code   RO          593    .text               c_t.l(sys_stackheap_outer.o)(c_t.l)
    0x00004b9c   0x0000000c   Code   RO          603    .text               c_t.l(exit.o)(c_t.l)
    0x00004ba8   0x00000010   Code   RO          605    .text               c_t.l(defsig_exit.o)(c_t.l)
    0x00004bb8   0x00000050   Code   RO          611    .text               c_t.l(defsig_rtmem_inner.o)(c_t.l)
    0x00004c08   0x00000038   Code   RO          632    .text               c_t.l(defsig_general.o)(c_t.l)
    0x00004c40   0x00000010   Code   RO          664    .text               c_t.l(rt_fp_status_addr_intlibspace.o)(c_t.l)
    0x00004c50   0x00000024   Code   RO          441    .text_udiv          c_t.l(aeabi_sdiv.o)(c_t.l)
    0x00004c74   0x00000184   Code   RO          250    PORT_ASM            portasm.o
    0x00004df8   0x00000008   Ven    RO          704    Veneer$$Code        anon$$obj.o
    0x00004e00   0x00000008   Ven    RO          705    Veneer$$Code        anon$$obj.o
    0x00004e08   0x00000008   Ven    RO          706    Veneer$$Code        anon$$obj.o
    0x00004e10   0x00000002   Code   RO          408    i.__ARM_common_call_via_r1  c_t.l(__printf.o)(c_t.l)
    0x00004e12   0x00000002   Code   RO          406    i.__ARM_common_call_via_r2  c_t.l(__printf.o)(c_t.l)
    0x00004e14   0x00000004   Ven    RO          651    x$fpl$fpinit        fz_ts.l(fpinit.o)(fz_ts.l)
    0x00004e18   0x00000018   Code   RO          651    x$fpl$fpinit        fz_ts.l(fpinit.o)(fz_ts.l)
    0x00004e30   0x00000300   Data   RO          265    .constdata          font5x7.o
    0x00005130   0x00000008   Data   RO          281    .constdata          lcd_grph.o
    0x00005138   0x0000000a   Data   RO           74    .conststring        console.o
    0x00005142   0x0000001e   Data   RO          142    .conststring        lcd.o
    0x00005160   0x00000020   Data   RO          685    Region$$Table       anon$$obj.o


    Execution Region RW_RAM1 (Base: 0xa0000000, Size: 0x00401580, Max: 0x02000000, ABSOLUTE, COMPRESSED[0x00000050])

    Base Addr    Size         Type   Attr      Idx    E Section Name        Object

    0xa0000000   0x00000008   Data   RW           75    .data               console.o
    0xa0000008   0x00000004   Data   RW           97    .data               retarget.o
    0xa000000c   0x0000000c   Data   RW          122    .data               serial.o
    0xa0000018   0x000000f8   Data   RW          143    .data               lcd.o
    0xa0000110   0x0000003c   Data   RW          202    .data               tasks.o
    0xa000014c   0x00000004   Data   RW          236    .data               port.o
    0xa0000150   0x00000004   Data   RW          282    .data               lcd_grph.o
    0xa0000154   0x00000001   Data   RW          310    .data               lcd_hw.o
    0xa0000155   0x00000003   PAD
    0xa0000158   0x000000b4   Zero   RW          201    .bss                tasks.o
    0xa000020c   0x00000060   Zero   RW          548    .bss                c_t.l(libspace.o)(c_t.l)
    0xa000026c   0x00000004   PAD
    0xa0000270   0x00400000   Zero   RW            2    HEAP                lpc2400.o
    0xa0400270   0x00001310   Zero   RW            1    STACK               lpc2400.o


==============================================================================

Image component sizes


      Code (inc. data)   RO Data    RW Data    ZI Data      Debug   Object Name

       296         48         10          8          0          0   console.o
         0          0        768          0          0          0   font5x7.o
        80          0          0          0          0          0   heap_3.o
      1016         72         30        248          0          0   lcd.o
      3256         36          8          4          0          0   lcd_grph.o
      2588        244          0          1          0          0   lcd_hw.o
       148         12          0          0          0          0   lcdisr.o
       276          0          0          0          0          0   list.o
       868        112          0          0    4199184          0   lpc2400.o
       196         12          0          0          0          0   main.o
       520         36          0          4          0          0   port.o
       388         24          0          0          0          0   portasm.o
      2196          0          0          0          0          0   queue.o
       176          0          0          4          0          0   retarget.o
       900         24          0         12          0          0   serial.o
       148         12          0          0          0          0   serialisr.o
      4300         96          0         60        180          0   tasks.o

    ----------------------------------------------------------------------
     17376        728        848        344    4199364          0   Object Totals
        24          0         32          0          0          0   (incl. Generated)
         0          0          0          3          0          1   (incl. Padding)

    ----------------------------------------------------------------------

      Code (inc. data)   RO Data    RW Data    ZI Data      Debug   Library Member Name

        92          0          0          0          0          0   __dczerorl2.o
         8          0          0          0          0          0   __main.o
       124          0          0          0          0          0   __printf.o
        60          8          0          0          0          0   __scatter.o
        44          0          0          0          0          0   __scatter_zi.o
        58          0          0          0          0          0   _printf_char.o
        48          4          0          0          0          0   _printf_char_common.o
        44          6          0          0          0          0   _printf_char_file.o
         4          0          0          0          0          0   _printf_percent.o
         8          0          0          0          0          0   _printf_percent_end.o
         8          0          0          0          0          0   _printf_s.o
        88          0          0          0          0          0   _printf_str.o
        16          0          0          0          0          0   aeabi_memset.o
       420          0          0          0          0          0   aeabi_sdiv.o
        16          0          0          0          0          0   defsig_exit.o
        56          0          0          0          0          0   defsig_general.o
        80         56          0          0          0          0   defsig_rtmem_inner.o
        16          0          0          0          0          0   defsig_rtmem_outer.o
        12          0          0          0          0          0   exit.o
       124          0          0          0          0          0   h1_alloc.o
        56          0          0          0          0          0   h1_extend.o
        92          0          0          0          0          0   h1_free.o
        14          0          0          0          0          0   h1_init.o
         6          0          0          0          0          0   heapauxi.o
         4          0          0          0          0          0   hguard.o
       148          0          0          0          0          0   init_alloc.o
        14          0          0          0          0          0   libinit.o
        20          0          0          0          0          0   libinit2.o
        12          0          0          0          0          0   libshutdown.o
         6          0          0          0          0          0   libshutdown2.o
        12          4          0          0         96          0   libspace.o
         0          0          0          0          0          0   maybetermalloc1.o
        36          6          0          0          0          0   noretval__2printf.o
        16          4          0          0          0          0   rt_fp_status_addr_intlibspace.o
        20          4          0          0          0          0   rt_heap_descriptor_intlibspace.o
        64          0          0          0          0          0   rt_memclr.o
        84          0          0          0          0          0   rt_memclr_w.o
       212          0          0          0          0          0   rt_memcpy.o
       100          0          0          0          0          0   rt_memcpy_w.o
         0          0          0          0          0          0   rtentry.o
        44          4          0          0          0          0   rtentry2.o
         8          0          0          0          0          0   rtentry4.o
         8          0          0          0          0          0   rtexit.o
        12          0          0          0          0          0   rtexit2.o
        76          4          0          0          0          0   strlen.o
       112          4          0          0          0          0   strncpy.o
        96          0          0          0          0          0   sys_stackheap_outer.o
         4          0          0          0          0          0   use_no_semi.o
        28          0          0          0          0          0   fpinit.o

    ----------------------------------------------------------------------
      2640        104          0          0        100          0   Library Totals
        10          0          0          0          4          0   (incl. Padding)

    ----------------------------------------------------------------------

      Code (inc. data)   RO Data    RW Data    ZI Data      Debug   Library Name

      2602        104          0          0         96       3040   c_t.l
        28          0          0          0          0         80   fz_ts.l

    ----------------------------------------------------------------------
      2640        104          0          0        100          0   Library Totals

    ----------------------------------------------------------------------

==============================================================================


      Code (inc. data)   RO Data    RW Data    ZI Data      Debug   

     20016        832        848        344    4199464      58672   Grand Totals
     20016        832        848         80    4199464      58672   ELF Image Totals (compressed)
     20016        832        848         80          0          0   ROM Totals

==============================================================================

    Total RO  Size (Code + RO Data)                20864 (  20.38kB)
    Total RW  Size (RW Data + ZI Data)           4199808 (4101.38kB)
    Total ROM Size (Code + RO Data + RW Data)      20944 (  20.45kB)

==============================================================================

